Archive member included to satisfy reference by file (symbol)

d:/stm32cubeide_1.6.0/stm32cubeide/plugins/com.st.stm32cube.ide.mcu.externaltools.gnu-tools-for-stm32.9-2020-q2-update.win32_1.5.0.202011040924/tools/bin/../lib/gcc/arm-none-eabi/9.3.1/../../../../arm-none-eabi/lib/thumb/v6-m/nofp\libc_nano.a(lib_a-errno.o)
                              src/bsp/syscalls.o (__errno)
d:/stm32cubeide_1.6.0/stm32cubeide/plugins/com.st.stm32cube.ide.mcu.externaltools.gnu-tools-for-stm32.9-2020-q2-update.win32_1.5.0.202011040924/tools/bin/../lib/gcc/arm-none-eabi/9.3.1/../../../../arm-none-eabi/lib/thumb/v6-m/nofp\libc_nano.a(lib_a-exit.o)
                              d:/stm32cubeide_1.6.0/stm32cubeide/plugins/com.st.stm32cube.ide.mcu.externaltools.gnu-tools-for-stm32.9-2020-q2-update.win32_1.5.0.202011040924/tools/bin/../lib/gcc/arm-none-eabi/9.3.1/../../../../arm-none-eabi/lib/thumb/v6-m/nofp/crt0.o (exit)
d:/stm32cubeide_1.6.0/stm32cubeide/plugins/com.st.stm32cube.ide.mcu.externaltools.gnu-tools-for-stm32.9-2020-q2-update.win32_1.5.0.202011040924/tools/bin/../lib/gcc/arm-none-eabi/9.3.1/../../../../arm-none-eabi/lib/thumb/v6-m/nofp\libc_nano.a(lib_a-impure.o)
                              d:/stm32cubeide_1.6.0/stm32cubeide/plugins/com.st.stm32cube.ide.mcu.externaltools.gnu-tools-for-stm32.9-2020-q2-update.win32_1.5.0.202011040924/tools/bin/../lib/gcc/arm-none-eabi/9.3.1/../../../../arm-none-eabi/lib/thumb/v6-m/nofp\libc_nano.a(lib_a-exit.o) (_global_impure_ptr)
d:/stm32cubeide_1.6.0/stm32cubeide/plugins/com.st.stm32cube.ide.mcu.externaltools.gnu-tools-for-stm32.9-2020-q2-update.win32_1.5.0.202011040924/tools/bin/../lib/gcc/arm-none-eabi/9.3.1/../../../../arm-none-eabi/lib/thumb/v6-m/nofp\libc_nano.a(lib_a-init.o)
                              d:/stm32cubeide_1.6.0/stm32cubeide/plugins/com.st.stm32cube.ide.mcu.externaltools.gnu-tools-for-stm32.9-2020-q2-update.win32_1.5.0.202011040924/tools/bin/../lib/gcc/arm-none-eabi/9.3.1/../../../../arm-none-eabi/lib/thumb/v6-m/nofp/crt0.o (__libc_init_array)
d:/stm32cubeide_1.6.0/stm32cubeide/plugins/com.st.stm32cube.ide.mcu.externaltools.gnu-tools-for-stm32.9-2020-q2-update.win32_1.5.0.202011040924/tools/bin/../lib/gcc/arm-none-eabi/9.3.1/../../../../arm-none-eabi/lib/thumb/v6-m/nofp\libc_nano.a(lib_a-memset.o)
                              d:/stm32cubeide_1.6.0/stm32cubeide/plugins/com.st.stm32cube.ide.mcu.externaltools.gnu-tools-for-stm32.9-2020-q2-update.win32_1.5.0.202011040924/tools/bin/../lib/gcc/arm-none-eabi/9.3.1/../../../../arm-none-eabi/lib/thumb/v6-m/nofp/crt0.o (memset)
d:/stm32cubeide_1.6.0/stm32cubeide/plugins/com.st.stm32cube.ide.mcu.externaltools.gnu-tools-for-stm32.9-2020-q2-update.win32_1.5.0.202011040924/tools/bin/../lib/gcc/arm-none-eabi/9.3.1/thumb/v6-m/nofp\libgcc.a(_udivsi3.o)
                              src/bsp/system_stm32g0xx.o (__aeabi_uidiv)
d:/stm32cubeide_1.6.0/stm32cubeide/plugins/com.st.stm32cube.ide.mcu.externaltools.gnu-tools-for-stm32.9-2020-q2-update.win32_1.5.0.202011040924/tools/bin/../lib/gcc/arm-none-eabi/9.3.1/thumb/v6-m/nofp\libgcc.a(_dvmd_tls.o)
                              d:/stm32cubeide_1.6.0/stm32cubeide/plugins/com.st.stm32cube.ide.mcu.externaltools.gnu-tools-for-stm32.9-2020-q2-update.win32_1.5.0.202011040924/tools/bin/../lib/gcc/arm-none-eabi/9.3.1/thumb/v6-m/nofp\libgcc.a(_udivsi3.o) (__aeabi_idiv0)

Allocating common symbols
Common symbol       size              file

hi2c1               0x54              src/hw/dirver/i2c.o
uwTick              0x4               src/lib/stm32g071rbt6_oled_cube/Drivers/STM32G0xx_HAL_Driver/Src/stm32g0xx_hal.o

Discarded input sections

 .text          0x0000000000000000        0x0 d:/stm32cubeide_1.6.0/stm32cubeide/plugins/com.st.stm32cube.ide.mcu.externaltools.gnu-tools-for-stm32.9-2020-q2-update.win32_1.5.0.202011040924/tools/bin/../lib/gcc/arm-none-eabi/9.3.1/thumb/v6-m/nofp/crti.o
 .data          0x0000000000000000        0x0 d:/stm32cubeide_1.6.0/stm32cubeide/plugins/com.st.stm32cube.ide.mcu.externaltools.gnu-tools-for-stm32.9-2020-q2-update.win32_1.5.0.202011040924/tools/bin/../lib/gcc/arm-none-eabi/9.3.1/thumb/v6-m/nofp/crti.o
 .bss           0x0000000000000000        0x0 d:/stm32cubeide_1.6.0/stm32cubeide/plugins/com.st.stm32cube.ide.mcu.externaltools.gnu-tools-for-stm32.9-2020-q2-update.win32_1.5.0.202011040924/tools/bin/../lib/gcc/arm-none-eabi/9.3.1/thumb/v6-m/nofp/crti.o
 .data          0x0000000000000000        0x4 d:/stm32cubeide_1.6.0/stm32cubeide/plugins/com.st.stm32cube.ide.mcu.externaltools.gnu-tools-for-stm32.9-2020-q2-update.win32_1.5.0.202011040924/tools/bin/../lib/gcc/arm-none-eabi/9.3.1/thumb/v6-m/nofp/crtbegin.o
 .text          0x0000000000000000       0x80 d:/stm32cubeide_1.6.0/stm32cubeide/plugins/com.st.stm32cube.ide.mcu.externaltools.gnu-tools-for-stm32.9-2020-q2-update.win32_1.5.0.202011040924/tools/bin/../lib/gcc/arm-none-eabi/9.3.1/../../../../arm-none-eabi/lib/thumb/v6-m/nofp/crt0.o
[...]
Memory Configuration

Name             Origin             Length             Attributes
RAM              0x0000000020000000 0x0000000000009000 xrw
FLASH            0x0000000008000000 0x0000000000020000 xr
*default*        0x0000000000000000 0xffffffffffffffff

Linker script and memory map

LOAD d:/stm32cubeide_1.6.0/stm32cubeide/plugins/com.st.stm32cube.ide.mcu.externaltools.gnu-tools-for-stm32.9-2020-q2-update.win32_1.5.0.202011040924/tools/bin/../lib/gcc/arm-none-eabi/9.3.1/thumb/v6-m/nofp/crti.o
LOAD d:/stm32cubeide_1.6.0/stm32cubeide/plugins/com.st.stm32cube.ide.mcu.externaltools.gnu-tools-for-stm32.9-2020-q2-update.win32_1.5.0.202011040924/tools/bin/../lib/gcc/arm-none-eabi/9.3.1/thumb/v6-m/nofp/crtbegin.o
LOAD d:/stm32cubeide_1.6.0/stm32cubeide/plugins/com.st.stm32cube.ide.mcu.externaltools.gnu-tools-for-stm32.9-2020-q2-update.win32_1.5.0.202011040924/tools/bin/../lib/gcc/arm-none-eabi/9.3.1/../../../../arm-none-eabi/lib/thumb/v6-m/nofp/crt0.o
LOAD src/ap/ap.o
LOAD src/bsp/bsp.o
LOAD src/bsp/stm32g0xx_hal_msp.o
LOAD src/bsp/stm32g0xx_it.o
LOAD src/bsp/syscalls.o
LOAD src/bsp/sysmem.o
LOAD src/bsp/system_stm32g0xx.o
LOAD src/bsp/startup/startup_stm32g071rbtx.o
LOAD src/hw/dirver/gpio.o
LOAD src/hw/dirver/i2c.o
LOAD src/hw/dirver/ssd1312.o
LOAD src/hw/hw.o
LOAD src/lib/stm32g071rbt6_oled_cube/Drivers/STM32G0xx_HAL_Driver/Src/stm32g0xx_hal.o
LOAD src/lib/stm32g071rbt6_oled_cube/Drivers/STM32G0xx_HAL_Driver/Src/stm32g0xx_hal_cortex.o
LOAD src/lib/stm32g071rbt6_oled_cube/Drivers/STM32G0xx_HAL_Driver/Src/stm32g0xx_hal_dma.o
LOAD src/lib/stm32g071rbt6_oled_cube/Drivers/STM32G0xx_HAL_Driver/Src/stm32g0xx_hal_dma_ex.o
LOAD src/lib/stm32g071rbt6_oled_cube/Drivers/STM32G0xx_HAL_Driver/Src/stm32g0xx_hal_exti.o
LOAD src/lib/stm32g071rbt6_oled_cube/Drivers/STM32G0xx_HAL_Driver/Src/stm32g0xx_hal_flash.o
LOAD src/lib/stm32g071rbt6_oled_cube/Drivers/STM32G0xx_HAL_Driver/Src/stm32g0xx_hal_flash_ex.o
LOAD src/lib/stm32g071rbt6_oled_cube/Drivers/STM32G0xx_HAL_Driver/Src/stm32g0xx_hal_gpio.o
LOAD src/lib/stm32g071rbt6_oled_cube/Drivers/STM32G0xx_HAL_Driver/Src/stm32g0xx_hal_i2c.o
LOAD src/lib/stm32g071rbt6_oled_cube/Drivers/STM32G0xx_HAL_Driver/Src/stm32g0xx_hal_i2c_ex.o
LOAD src/lib/stm32g071rbt6_oled_cube/Drivers/STM32G0xx_HAL_Driver/Src/stm32g0xx_hal_pwr.o
LOAD src/lib/stm32g071rbt6_oled_cube/Drivers/STM32G0xx_HAL_Driver/Src/stm32g0xx_hal_pwr_ex.o
LOAD src/lib/stm32g071rbt6_oled_cube/Drivers/STM32G0xx_HAL_Driver/Src/stm32g0xx_hal_rcc.o
LOAD src/lib/stm32g071rbt6_oled_cube/Drivers/STM32G0xx_HAL_Driver/Src/stm32g0xx_hal_rcc_ex.o
LOAD src/lib/stm32g071rbt6_oled_cube/Drivers/STM32G0xx_HAL_Driver/Src/stm32g0xx_hal_tim.o
LOAD src/lib/stm32g071rbt6_oled_cube/Drivers/STM32G0xx_HAL_Driver/Src/stm32g0xx_hal_tim_ex.o
LOAD src/lib/stm32g071rbt6_oled_cube/Drivers/STM32G0xx_HAL_Driver/Src/stm32g0xx_ll_dma.o
LOAD src/lib/stm32g071rbt6_oled_cube/Drivers/STM32G0xx_HAL_Driver/Src/stm32g0xx_ll_rcc.o
LOAD src/main.o
START GROUP
LOAD d:/stm32cubeide_1.6.0/stm32cubeide/plugins/com.st.stm32cube.ide.mcu.externaltools.gnu-tools-for-stm32.9-2020-q2-update.win32_1.5.0.202011040924/tools/bin/../lib/gcc/arm-none-eabi/9.3.1/../../../../arm-none-eabi/lib/thumb/v6-m/nofp\libc_nano.a
LOAD d:/stm32cubeide_1.6.0/stm32cubeide/plugins/com.st.stm32cube.ide.mcu.externaltools.gnu-tools-for-stm32.9-2020-q2-update.win32_1.5.0.202011040924/tools/bin/../lib/gcc/arm-none-eabi/9.3.1/../../../../arm-none-eabi/lib/thumb/v6-m/nofp\libm.a
END GROUP
START GROUP
LOAD d:/stm32cubeide_1.6.0/stm32cubeide/plugins/com.st.stm32cube.ide.mcu.externaltools.gnu-tools-for-stm32.9-2020-q2-update.win32_1.5.0.202011040924/tools/bin/../lib/gcc/arm-none-eabi/9.3.1/thumb/v6-m/nofp\libgcc.a
LOAD d:/stm32cubeide_1.6.0/stm32cubeide/plugins/com.st.stm32cube.ide.mcu.externaltools.gnu-tools-for-stm32.9-2020-q2-update.win32_1.5.0.202011040924/tools/bin/../lib/gcc/arm-none-eabi/9.3.1/../../../../arm-none-eabi/lib/thumb/v6-m/nofp\libc_nano.a
END GROUP
START GROUP
LOAD d:/stm32cubeide_1.6.0/stm32cubeide/plugins/com.st.stm32cube.ide.mcu.externaltools.gnu-tools-for-stm32.9-2020-q2-update.win32_1.5.0.202011040924/tools/bin/../lib/gcc/arm-none-eabi/9.3.1/thumb/v6-m/nofp\libgcc.a
LOAD d:/stm32cubeide_1.6.0/stm32cubeide/plugins/com.st.stm32cube.ide.mcu.externaltools.gnu-tools-for-stm32.9-2020-q2-update.win32_1.5.0.202011040924/tools/bin/../lib/gcc/arm-none-eabi/9.3.1/../../../../arm-none-eabi/lib/thumb/v6-m/nofp\libc_nano.a
LOAD d:/stm32cubeide_1.6.0/stm32cubeide/plugins/com.st.stm32cube.ide.mcu.externaltools.gnu-tools-for-stm32.9-2020-q2-update.win32_1.5.0.202011040924/tools/bin/../lib/gcc/arm-none-eabi/9.3.1/../../../../arm-none-eabi/lib/thumb/v6-m/nofp\libnosys.a
END GROUP
START GROUP
LOAD d:/stm32cubeide_1.6.0/stm32cubeide/plugins/com.st.stm32cube.ide.mcu.externaltools.gnu-tools-for-stm32.9-2020-q2-update.win32_1.5.0.202011040924/tools/bin/../lib/gcc/arm-none-eabi/9.3.1/thumb/v6-m/nofp\libgcc.a
LOAD d:/stm32cubeide_1.6.0/stm32cubeide/plugins/com.st.stm32cube.ide.mcu.externaltools.gnu-tools-for-stm32.9-2020-q2-update.win32_1.5.0.202011040924/tools/bin/../lib/gcc/arm-none-eabi/9.3.1/../../../../arm-none-eabi/lib/thumb/v6-m/nofp\libc_nano.a
LOAD d:/stm32cubeide_1.6.0/stm32cubeide/plugins/com.st.stm32cube.ide.mcu.externaltools.gnu-tools-for-stm32.9-2020-q2-update.win32_1.5.0.202011040924/tools/bin/../lib/gcc/arm-none-eabi/9.3.1/../../../../arm-none-eabi/lib/thumb/v6-m/nofp\libnosys.a
END GROUP
LOAD d:/stm32cubeide_1.6.0/stm32cubeide/plugins/com.st.stm32cube.ide.mcu.externaltools.gnu-tools-for-stm32.9-2020-q2-update.win32_1.5.0.202011040924/tools/bin/../lib/gcc/arm-none-eabi/9.3.1/thumb/v6-m/nofp/crtend.o
LOAD d:/stm32cubeide_1.6.0/stm32cubeide/plugins/com.st.stm32cube.ide.mcu.externaltools.gnu-tools-for-stm32.9-2020-q2-update.win32_1.5.0.202011040924/tools/bin/../lib/gcc/arm-none-eabi/9.3.1/thumb/v6-m/nofp/crtn.o
                0x0000000020009000                _estack = (ORIGIN (RAM) + LENGTH (RAM))
                0x0000000000000200                _Min_Heap_Size = 0x200
                0x0000000000000400                _Min_Stack_Size = 0x400

.isr_vector     0x0000000008000000       0xbc
                0x0000000008000000                . = ALIGN (0x4)
 *(.isr_vector)
 .isr_vector    0x0000000008000000       0xbc src/bsp/startup/startup_stm32g071rbtx.o
                0x0000000008000000                g_pfnVectors
                0x00000000080000bc                . = ALIGN (0x4)

.text           0x00000000080000bc     0x298c
                0x00000000080000bc                . = ALIGN (0x4)
 *(.text)
 .text          0x00000000080000bc       0x48 d:/stm32cubeide_1.6.0/stm32cubeide/plugins/com.st.stm32cube.ide.mcu.externaltools.gnu-tools-for-stm32.9-2020-q2-update.win32_1.5.0.202011040924/tools/bin/../lib/gcc/arm-none-eabi/9.3.1/thumb/v6-m/nofp/crtbegin.o
 .text          0x0000000008000104      0x114 d:/stm32cubeide_1.6.0/stm32cubeide/plugins/com.st.stm32cube.ide.mcu.externaltools.gnu-tools-for-stm32.9-2020-q2-update.win32_1.5.0.202011040924/tools/bin/../lib/gcc/arm-none-eabi/9.3.1/thumb/v6-m/nofp\libgcc.a(_udivsi3.o)
                0x0000000008000104                __aeabi_uidiv
                0x0000000008000104                __udivsi3
                0x0000000008000210                __aeabi_uidivmod
 .text          0x0000000008000218        0x4 d:/stm32cubeide_1.6.0/stm32cubeide/plugins/com.st.stm32cube.ide.mcu.externaltools.gnu-tools-for-stm32.9-2020-q2-update.win32_1.5.0.202011040924/tools/bin/../lib/gcc/arm-none-eabi/9.3.1/thumb/v6-m/nofp\libgcc.a(_dvmd_tls.o)
                0x0000000008000218                __aeabi_idiv0
                0x0000000008000218                __aeabi_ldiv0
 *(.text*)
 .text.apInit   0x000000000800021c       0x12 src/ap/ap.o
                0x000000000800021c                apInit
 *fill*         0x000000000800022e        0x2 
 .text.apMain   0x0000000008000230       0x2c src/ap/ap.o
                0x0000000008000230                apMain
 .text.bspInit  0x000000000800025c       0x34 src/bsp/bsp.o
                0x000000000800025c                bspInit
 .text.delay_ms
                0x0000000008000290       0x18 src/bsp/bsp.o
                0x0000000008000290                delay_ms
 .text.SystemClock_Config
                0x00000000080002a8       0xbc src/bsp/bsp.o
                0x00000000080002a8                SystemClock_Config
 .text.Error_Handler
                0x0000000008000364        0xa src/bsp/bsp.o
                0x0000000008000364                Error_Handler
 *fill*         0x000000000800036e        0x2 
 .text.HAL_MspInit
                0x0000000008000370       0x50 src/bsp/stm32g0xx_hal_msp.o
                0x0000000008000370                HAL_MspInit
 .text.NMI_Handler
                0x00000000080003c0        0x6 src/bsp/stm32g0xx_it.o
                0x00000000080003c0                NMI_Handler
 .text.HardFault_Handler
                0x00000000080003c6        0x6 src/bsp/stm32g0xx_it.o
                0x00000000080003c6                HardFault_Handler
 .text.SVC_Handler
                0x00000000080003cc        0xa src/bsp/stm32g0xx_it.o
                0x00000000080003cc                SVC_Handler
 .text.PendSV_Handler
                0x00000000080003d6        0xa src/bsp/stm32g0xx_it.o
                0x00000000080003d6                PendSV_Handler
 .text.SysTick_Handler
                0x00000000080003e0        0xe src/bsp/stm32g0xx_it.o
                0x00000000080003e0                SysTick_Handler
 *fill*         0x00000000080003ee        0x2 
 .text.SystemInit
                0x00000000080003f0       0x18 src/bsp/system_stm32g0xx.o
                0x00000000080003f0                SystemInit
 .text.Reset_Handler
                0x0000000008000408       0x50 src/bsp/startup/startup_stm32g071rbtx.o
                0x0000000008000408                Reset_Handler
 .text.Default_Handler
                0x0000000008000458        0x2 src/bsp/startup/startup_stm32g071rbtx.o
                0x0000000008000458                USART3_4_LPUART1_IRQHandler
                0x0000000008000458                TIM1_CC_IRQHandler
                0x0000000008000458                ADC1_COMP_IRQHandler
                0x0000000008000458                PVD_IRQHandler
                0x0000000008000458                I2C1_IRQHandler
                0x0000000008000458                TIM7_LPTIM2_IRQHandler
                0x0000000008000458                RTC_TAMP_IRQHandler
                0x0000000008000458                SPI1_IRQHandler
                0x0000000008000458                EXTI2_3_IRQHandler
                0x0000000008000458                I2C2_IRQHandler
                0x0000000008000458                TIM17_IRQHandler
                0x0000000008000458                TIM16_IRQHandler
                0x0000000008000458                TIM3_IRQHandler
                0x0000000008000458                EXTI4_15_IRQHandler
                0x0000000008000458                RCC_IRQHandler
                0x0000000008000458                DMA1_Channel1_IRQHandler
                0x0000000008000458                Default_Handler
                0x0000000008000458                CEC_IRQHandler
                0x0000000008000458                TIM14_IRQHandler
                0x0000000008000458                TIM15_IRQHandler
                0x0000000008000458                EXTI0_1_IRQHandler
                0x0000000008000458                SPI2_IRQHandler
                0x0000000008000458                TIM6_DAC_LPTIM1_IRQHandler
                0x0000000008000458                WWDG_IRQHandler
                0x0000000008000458                TIM2_IRQHandler
                0x0000000008000458                DMA1_Ch4_7_DMAMUX1_OVR_IRQHandler
                0x0000000008000458                DMA1_Channel2_3_IRQHandler
                0x0000000008000458                UCPD1_2_IRQHandler
                0x0000000008000458                USART2_IRQHandler
                0x0000000008000458                FLASH_IRQHandler
                0x0000000008000458                USART1_IRQHandler
                0x0000000008000458                TIM1_BRK_UP_TRG_COM_IRQHandler
 *fill*         0x000000000800045a        0x2 
 .text.gpio_Init
                0x000000000800045c       0x68 src/hw/dirver/gpio.o
                0x000000000800045c                gpio_Init
 .text.gpio_PinMode
                0x00000000080004c4       0xe8 src/hw/dirver/gpio.o
                0x00000000080004c4                gpio_PinMode
 .text.gpio_PinWrite
                0x00000000080005ac       0xb8 src/hw/dirver/gpio.o
                0x00000000080005ac                gpio_PinWrite
 .text.MX_I2C1_Init
                0x0000000008000664       0x80 src/hw/dirver/i2c.o
                0x0000000008000664                MX_I2C1_Init
 .text.HAL_I2C_MspInit
                0x00000000080006e4       0xc4 src/hw/dirver/i2c.o
                0x00000000080006e4                HAL_I2C_MspInit
 .text.ssd1312_WriteCommand
                0x00000000080007a8       0x40 src/hw/dirver/ssd1312.o
 .text.ssd1312_WriteData
                0x00000000080007e8       0x34 src/hw/dirver/ssd1312.o
 .text.ssd1312_Init
                0x000000000800081c       0x88 src/hw/dirver/ssd1312.o
                0x000000000800081c                ssd1312_Init
 .text.ssd1312_Clear
                0x00000000080008a4       0x66 src/hw/dirver/ssd1312.o
                0x00000000080008a4                ssd1312_Clear
 .text.ssd1312_SetCoord
                0x000000000800090a       0x6e src/hw/dirver/ssd1312.o
                0x000000000800090a                ssd1312_SetCoord
 .text.ssd1312_WriteChar
                0x0000000008000978       0xdc src/hw/dirver/ssd1312.o
                0x0000000008000978                ssd1312_WriteChar
 .text.ssd1312_WriteString
                0x0000000008000a54       0x72 src/hw/dirver/ssd1312.o
                0x0000000008000a54                ssd1312_WriteString
 .text.hwInit   0x0000000008000ac6       0x1a src/hw/hw.o
                0x0000000008000ac6                hwInit
 .text.HAL_Init
                0x0000000008000ae0       0x40 src/lib/stm32g071rbt6_oled_cube/Drivers/STM32G0xx_HAL_Driver/Src/stm32g0xx_hal.o
                0x0000000008000ae0                HAL_Init
 .text.HAL_InitTick
                0x0000000008000b20       0x94 src/lib/stm32g071rbt6_oled_cube/Drivers/STM32G0xx_HAL_Driver/Src/stm32g0xx_hal.o
                0x0000000008000b20                HAL_InitTick
 .text.HAL_IncTick
                0x0000000008000bb4       0x24 src/lib/stm32g071rbt6_oled_cube/Drivers/STM32G0xx_HAL_Driver/Src/stm32g0xx_hal.o
                0x0000000008000bb4                HAL_IncTick
 .text.HAL_GetTick
                0x0000000008000bd8       0x14 src/lib/stm32g071rbt6_oled_cube/Drivers/STM32G0xx_HAL_Driver/Src/stm32g0xx_hal.o
                0x0000000008000bd8                HAL_GetTick
 .text.HAL_Delay
                0x0000000008000bec       0x48 src/lib/stm32g071rbt6_oled_cube/Drivers/STM32G0xx_HAL_Driver/Src/stm32g0xx_hal.o
                0x0000000008000bec                HAL_Delay
 .text.HAL_SYSCFG_StrobeDBattpinsConfig
                0x0000000008000c34       0x2c src/lib/stm32g071rbt6_oled_cube/Drivers/STM32G0xx_HAL_Driver/Src/stm32g0xx_hal.o
                0x0000000008000c34                HAL_SYSCFG_StrobeDBattpinsConfig
 .text.__NVIC_SetPriority
                0x0000000008000c60       0xdc src/lib/stm32g071rbt6_oled_cube/Drivers/STM32G0xx_HAL_Driver/Src/stm32g0xx_hal_cortex.o
 .text.SysTick_Config
                0x0000000008000d3c       0x48 src/lib/stm32g071rbt6_oled_cube/Drivers/STM32G0xx_HAL_Driver/Src/stm32g0xx_hal_cortex.o
 .text.HAL_NVIC_SetPriority
                0x0000000008000d84       0x2a src/lib/stm32g071rbt6_oled_cube/Drivers/STM32G0xx_HAL_Driver/Src/stm32g0xx_hal_cortex.o
                0x0000000008000d84                HAL_NVIC_SetPriority
 .text.HAL_SYSTICK_Config
                0x0000000008000dae       0x1a src/lib/stm32g071rbt6_oled_cube/Drivers/STM32G0xx_HAL_Driver/Src/stm32g0xx_hal_cortex.o
                0x0000000008000dae                HAL_SYSTICK_Config
 .text.HAL_GPIO_Init
                0x0000000008000dc8      0x2c8 src/lib/stm32g071rbt6_oled_cube/Drivers/STM32G0xx_HAL_Driver/Src/stm32g0xx_hal_gpio.o
                0x0000000008000dc8                HAL_GPIO_Init
 .text.HAL_GPIO_WritePin
                0x0000000008001090       0x3a src/lib/stm32g071rbt6_oled_cube/Drivers/STM32G0xx_HAL_Driver/Src/stm32g0xx_hal_gpio.o
                0x0000000008001090                HAL_GPIO_WritePin
 *fill*         0x00000000080010ca        0x2 
 .text.HAL_I2C_Init
                0x00000000080010cc      0x12c src/lib/stm32g071rbt6_oled_cube/Drivers/STM32G0xx_HAL_Driver/Src/stm32g0xx_hal_i2c.o
                0x00000000080010cc                HAL_I2C_Init
 .text.HAL_I2C_Master_Transmit
                0x00000000080011f8      0x210 src/lib/stm32g071rbt6_oled_cube/Drivers/STM32G0xx_HAL_Driver/Src/stm32g0xx_hal_i2c.o
                0x00000000080011f8                HAL_I2C_Master_Transmit
 .text.HAL_I2C_Mem_Write
                0x0000000008001408      0x25c src/lib/stm32g071rbt6_oled_cube/Drivers/STM32G0xx_HAL_Driver/Src/stm32g0xx_hal_i2c.o
                0x0000000008001408                HAL_I2C_Mem_Write
 .text.I2C_RequestMemoryWrite
                0x0000000008001664       0xc8 src/lib/stm32g071rbt6_oled_cube/Drivers/STM32G0xx_HAL_Driver/Src/stm32g0xx_hal_i2c.o
 .text.I2C_Flush_TXDR
                0x000000000800172c       0x44 src/lib/stm32g071rbt6_oled_cube/Drivers/STM32G0xx_HAL_Driver/Src/stm32g0xx_hal_i2c.o
 .text.I2C_WaitOnFlagUntilTimeout
                0x0000000008001770       0x7e src/lib/stm32g071rbt6_oled_cube/Drivers/STM32G0xx_HAL_Driver/Src/stm32g0xx_hal_i2c.o
 .text.I2C_WaitOnTXISFlagUntilTimeout
                0x00000000080017ee       0x7e src/lib/stm32g071rbt6_oled_cube/Drivers/STM32G0xx_HAL_Driver/Src/stm32g0xx_hal_i2c.o
 .text.I2C_WaitOnSTOPFlagUntilTimeout
                0x000000000800186c       0x78 src/lib/stm32g071rbt6_oled_cube/Drivers/STM32G0xx_HAL_Driver/Src/stm32g0xx_hal_i2c.o
 .text.I2C_IsErrorOccurred
                0x00000000080018e4      0x200 src/lib/stm32g071rbt6_oled_cube/Drivers/STM32G0xx_HAL_Driver/Src/stm32g0xx_hal_i2c.o
 .text.I2C_TransferConfig
                0x0000000008001ae4       0x74 src/lib/stm32g071rbt6_oled_cube/Drivers/STM32G0xx_HAL_Driver/Src/stm32g0xx_hal_i2c.o
 .text.HAL_I2CEx_ConfigAnalogFilter
                0x0000000008001b58       0x98 src/lib/stm32g071rbt6_oled_cube/Drivers/STM32G0xx_HAL_Driver/Src/stm32g0xx_hal_i2c_ex.o
                0x0000000008001b58                HAL_I2CEx_ConfigAnalogFilter
 .text.HAL_I2CEx_ConfigDigitalFilter
                0x0000000008001bf0       0x98 src/lib/stm32g071rbt6_oled_cube/Drivers/STM32G0xx_HAL_Driver/Src/stm32g0xx_hal_i2c_ex.o
                0x0000000008001bf0                HAL_I2CEx_ConfigDigitalFilter
 .text.HAL_PWREx_ControlVoltageScaling
                0x0000000008001c88       0x80 src/lib/stm32g071rbt6_oled_cube/Drivers/STM32G0xx_HAL_Driver/Src/stm32g0xx_hal_pwr_ex.o
                0x0000000008001c88                HAL_PWREx_ControlVoltageScaling
 .text.HAL_RCC_OscConfig
                0x0000000008001d08      0x634 src/lib/stm32g071rbt6_oled_cube/Drivers/STM32G0xx_HAL_Driver/Src/stm32g0xx_hal_rcc.o
                0x0000000008001d08                HAL_RCC_OscConfig
 .text.HAL_RCC_ClockConfig
                0x000000000800233c      0x210 src/lib/stm32g071rbt6_oled_cube/Drivers/STM32G0xx_HAL_Driver/Src/stm32g0xx_hal_rcc.o
                0x000000000800233c                HAL_RCC_ClockConfig
 .text.HAL_RCC_GetSysClockFreq
                0x000000000800254c      0x104 src/lib/stm32g071rbt6_oled_cube/Drivers/STM32G0xx_HAL_Driver/Src/stm32g0xx_hal_rcc.o
                0x000000000800254c                HAL_RCC_GetSysClockFreq
 .text.HAL_RCCEx_PeriphCLKConfig
                0x0000000008002650      0x370 src/lib/stm32g071rbt6_oled_cube/Drivers/STM32G0xx_HAL_Driver/Src/stm32g0xx_hal_rcc_ex.o
                0x0000000008002650                HAL_RCCEx_PeriphCLKConfig
 .text.main     0x00000000080029c0       0x18 src/main.o
                0x00000000080029c0                main
 .text.__libc_init_array
                0x00000000080029d8       0x48 d:/stm32cubeide_1.6.0/stm32cubeide/plugins/com.st.stm32cube.ide.mcu.externaltools.gnu-tools-for-stm32.9-2020-q2-update.win32_1.5.0.202011040924/tools/bin/../lib/gcc/arm-none-eabi/9.3.1/../../../../arm-none-eabi/lib/thumb/v6-m/nofp\libc_nano.a(lib_a-init.o)
                0x00000000080029d8                __libc_init_array
 .text.memset   0x0000000008002a20       0x10 d:/stm32cubeide_1.6.0/stm32cubeide/plugins/com.st.stm32cube.ide.mcu.externaltools.gnu-tools-for-stm32.9-2020-q2-update.win32_1.5.0.202011040924/tools/bin/../lib/gcc/arm-none-eabi/9.3.1/../../../../arm-none-eabi/lib/thumb/v6-m/nofp\libc_nano.a(lib_a-memset.o)
                0x0000000008002a20                memset
 *(.glue_7)
 .glue_7        0x0000000008002a30        0x0 linker stubs
 *(.glue_7t)
 .glue_7t       0x0000000008002a30        0x0 linker stubs
 *(.eh_frame)
 .eh_frame      0x0000000008002a30        0x0 d:/stm32cubeide_1.6.0/stm32cubeide/plugins/com.st.stm32cube.ide.mcu.externaltools.gnu-tools-for-stm32.9-2020-q2-update.win32_1.5.0.202011040924/tools/bin/../lib/gcc/arm-none-eabi/9.3.1/thumb/v6-m/nofp/crtbegin.o
 *(.init)
 .init          0x0000000008002a30        0x4 d:/stm32cubeide_1.6.0/stm32cubeide/plugins/com.st.stm32cube.ide.mcu.externaltools.gnu-tools-for-stm32.9-2020-q2-update.win32_1.5.0.202011040924/tools/bin/../lib/gcc/arm-none-eabi/9.3.1/thumb/v6-m/nofp/crti.o
                0x0000000008002a30                _init
 .init          0x0000000008002a34        0x8 d:/stm32cubeide_1.6.0/stm32cubeide/plugins/com.st.stm32cube.ide.mcu.externaltools.gnu-tools-for-stm32.9-2020-q2-update.win32_1.5.0.202011040924/tools/bin/../lib/gcc/arm-none-eabi/9.3.1/thumb/v6-m/nofp/crtn.o
 *(.fini)
 .fini          0x0000000008002a3c        0x4 d:/stm32cubeide_1.6.0/stm32cubeide/plugins/com.st.stm32cube.ide.mcu.externaltools.gnu-tools-for-stm32.9-2020-q2-update.win32_1.5.0.202011040924/tools/bin/../lib/gcc/arm-none-eabi/9.3.1/thumb/v6-m/nofp/crti.o
                0x0000000008002a3c                _fini
 .fini          0x0000000008002a40        0x8 d:/stm32cubeide_1.6.0/stm32cubeide/plugins/com.st.stm32cube.ide.mcu.externaltools.gnu-tools-for-stm32.9-2020-q2-update.win32_1.5.0.202011040924/tools/bin/../lib/gcc/arm-none-eabi/9.3.1/thumb/v6-m/nofp/crtn.o
                0x0000000008002a48                . = ALIGN (0x4)
                0x0000000008002a48                _etext = .

.vfp11_veneer   0x0000000008002a48        0x0
 .vfp11_veneer  0x0000000008002a48        0x0 linker stubs

.v4_bx          0x0000000008002a48        0x0
 .v4_bx         0x0000000008002a48        0x0 linker stubs

.iplt           0x0000000008002a48        0x0
 .iplt          0x0000000008002a48        0x0 d:/stm32cubeide_1.6.0/stm32cubeide/plugins/com.st.stm32cube.ide.mcu.externaltools.gnu-tools-for-stm32.9-2020-q2-update.win32_1.5.0.202011040924/tools/bin/../lib/gcc/arm-none-eabi/9.3.1/thumb/v6-m/nofp/crtbegin.o

.rodata         0x0000000008002a48      0x950
                0x0000000008002a48                . = ALIGN (0x4)
 *(.rodata)
 .rodata        0x0000000008002a48        0xf src/ap/ap.o
 *(.rodata*)
 *fill*         0x0000000008002a57        0x1 
 .rodata.AHBPrescTable
                0x0000000008002a58       0x40 src/bsp/system_stm32g0xx.o
                0x0000000008002a58                AHBPrescTable
 .rodata.gpio_PinMode
                0x0000000008002a98       0x18 src/hw/dirver/gpio.o
 .rodata.ssd1312_Fonts
                0x0000000008002ab0      0x8e8 src/hw/dirver/ssd1312.o
                0x0000000008003398                . = ALIGN (0x4)

.rel.dyn        0x0000000008003398        0x0
 .rel.iplt      0x0000000008003398        0x0 d:/stm32cubeide_1.6.0/stm32cubeide/plugins/com.st.stm32cube.ide.mcu.externaltools.gnu-tools-for-stm32.9-2020-q2-update.win32_1.5.0.202011040924/tools/bin/../lib/gcc/arm-none-eabi/9.3.1/thumb/v6-m/nofp/crtbegin.o

.ARM.extab      0x0000000008003398        0x0
                0x0000000008003398                . = ALIGN (0x4)
 *(.ARM.extab* .gnu.linkonce.armextab.*)
                0x0000000008003398                . = ALIGN (0x4)

.ARM            0x0000000008003398        0x0
                0x0000000008003398                . = ALIGN (0x4)
                0x0000000008003398                __exidx_start = .
 *(.ARM.exidx*)
                0x0000000008003398                __exidx_end = .
                0x0000000008003398                . = ALIGN (0x4)

.preinit_array  0x0000000008003398        0x0
                0x0000000008003398                . = ALIGN (0x4)
                0x0000000008003398                PROVIDE (__preinit_array_start = .)
 *(.preinit_array*)
                0x0000000008003398                PROVIDE (__preinit_array_end = .)
                0x0000000008003398                . = ALIGN (0x4)

.init_array     0x0000000008003398        0x4
                0x0000000008003398                . = ALIGN (0x4)
                0x0000000008003398                PROVIDE (__init_array_start = .)
 *(SORT_BY_NAME(.init_array.*))
 *(.init_array*)
 .init_array    0x0000000008003398        0x4 d:/stm32cubeide_1.6.0/stm32cubeide/plugins/com.st.stm32cube.ide.mcu.externaltools.gnu-tools-for-stm32.9-2020-q2-update.win32_1.5.0.202011040924/tools/bin/../lib/gcc/arm-none-eabi/9.3.1/thumb/v6-m/nofp/crtbegin.o
                0x000000000800339c                PROVIDE (__init_array_end = .)
                0x000000000800339c                . = ALIGN (0x4)

.fini_array     0x000000000800339c        0x4
                0x000000000800339c                . = ALIGN (0x4)
                [!provide]                        PROVIDE (__fini_array_start = .)
 *(SORT_BY_NAME(.fini_array.*))
 *(.fini_array*)
 .fini_array    0x000000000800339c        0x4 d:/stm32cubeide_1.6.0/stm32cubeide/plugins/com.st.stm32cube.ide.mcu.externaltools.gnu-tools-for-stm32.9-2020-q2-update.win32_1.5.0.202011040924/tools/bin/../lib/gcc/arm-none-eabi/9.3.1/thumb/v6-m/nofp/crtbegin.o
                [!provide]                        PROVIDE (__fini_array_end = .)
                0x00000000080033a0                . = ALIGN (0x4)
                0x00000000080033a0                _sidata = LOADADDR (.data)

.data           0x0000000020000000       0x18 load address 0x00000000080033a0
                0x0000000020000000                . = ALIGN (0x4)
                0x0000000020000000                _sdata = .
 *(.data)
 *(.data*)
 .data.SystemCoreClock
                0x0000000020000000        0x4 src/bsp/system_stm32g0xx.o
                0x0000000020000000                SystemCoreClock
 .data.gpio_tbl
                0x0000000020000004        0xc src/hw/dirver/gpio.o
                0x0000000020000004                gpio_tbl
 .data.uwTickPrio
                0x0000000020000010        0x4 src/lib/stm32g071rbt6_oled_cube/Drivers/STM32G0xx_HAL_Driver/Src/stm32g0xx_hal.o
                0x0000000020000010                uwTickPrio
 .data.uwTickFreq
                0x0000000020000014        0x1 src/lib/stm32g071rbt6_oled_cube/Drivers/STM32G0xx_HAL_Driver/Src/stm32g0xx_hal.o
                0x0000000020000014                uwTickFreq
 *(.RamFunc)
 *(.RamFunc*)
                0x0000000020000018                . = ALIGN (0x4)
 *fill*         0x0000000020000015        0x3 
                0x0000000020000018                _edata = .

.igot.plt       0x0000000020000018        0x0 load address 0x00000000080033b8
 .igot.plt      0x0000000020000018        0x0 d:/stm32cubeide_1.6.0/stm32cubeide/plugins/com.st.stm32cube.ide.mcu.externaltools.gnu-tools-for-stm32.9-2020-q2-update.win32_1.5.0.202011040924/tools/bin/../lib/gcc/arm-none-eabi/9.3.1/thumb/v6-m/nofp/crtbegin.o
                0x0000000020000018                . = ALIGN (0x4)

.bss            0x0000000020000018       0x74 load address 0x00000000080033b8
                0x0000000020000018                _sbss = .
                0x0000000020000018                __bss_start__ = _sbss
 *(.bss)
 .bss           0x0000000020000018       0x1c d:/stm32cubeide_1.6.0/stm32cubeide/plugins/com.st.stm32cube.ide.mcu.externaltools.gnu-tools-for-stm32.9-2020-q2-update.win32_1.5.0.202011040924/tools/bin/../lib/gcc/arm-none-eabi/9.3.1/thumb/v6-m/nofp/crtbegin.o
 *(.bss*)
 *(COMMON)
 COMMON         0x0000000020000034       0x54 src/hw/dirver/i2c.o
                0x0000000020000034                hi2c1
 COMMON         0x0000000020000088        0x4 src/lib/stm32g071rbt6_oled_cube/Drivers/STM32G0xx_HAL_Driver/Src/stm32g0xx_hal.o
                0x0000000020000088                uwTick
                0x000000002000008c                . = ALIGN (0x4)
                0x000000002000008c                _ebss = .
                0x000000002000008c                __bss_end__ = _ebss

._user_heap_stack
                0x000000002000008c      0x604 load address 0x00000000080033b8
                0x0000000020000090                . = ALIGN (0x8)
 *fill*         0x000000002000008c        0x4 
                [!provide]                        PROVIDE (end = .)
                0x0000000020000090                PROVIDE (_end = .)
                0x0000000020000290                . = (. + _Min_Heap_Size)
 *fill*         0x0000000020000090      0x200 
                0x0000000020000690                . = (. + _Min_Stack_Size)
 *fill*         0x0000000020000290      0x400 
                0x0000000020000690                . = ALIGN (0x8)

/DISCARD/
 libc.a(*)
 libm.a(*)
 libgcc.a(*)

.ARM.attributes
                0x0000000000000000       0x28
 *(.ARM.attributes)
 .ARM.attributes
                0x0000000000000000       0x1e d:/stm32cubeide_1.6.0/stm32cubeide/plugins/com.st.stm32cube.ide.mcu.externaltools.gnu-tools-for-stm32.9-2020-q2-update.win32_1.5.0.202011040924/tools/bin/../lib/gcc/arm-none-eabi/9.3.1/thumb/v6-m/nofp/crti.o
 .ARM.attributes
                0x000000000000001e       0x2c d:/stm32cubeide_1.6.0/stm32cubeide/plugins/com.st.stm32cube.ide.mcu.externaltools.gnu-tools-for-stm32.9-2020-q2-update.win32_1.5.0.202011040924/tools/bin/../lib/gcc/arm-none-eabi/9.3.1/thumb/v6-m/nofp/crtbegin.o
 .ARM.attributes
                0x000000000000004a       0x2c src/ap/ap.o
 .ARM.attributes
                0x0000000000000076       0x2c src/bsp/bsp.o
 .ARM.attributes
                0x00000000000000a2       0x2c src/bsp/stm32g0xx_hal_msp.o
 .ARM.attributes
                0x00000000000000ce       0x2c src/bsp/stm32g0xx_it.o
 .ARM.attributes
                0x00000000000000fa       0x2c src/bsp/system_stm32g0xx.o
 .ARM.attributes
                0x0000000000000126       0x22 src/bsp/startup/startup_stm32g071rbtx.o
 .ARM.attributes
                0x0000000000000148       0x2c src/hw/dirver/gpio.o
 .ARM.attributes
                0x0000000000000174       0x2c src/hw/dirver/i2c.o
 .ARM.attributes
                0x00000000000001a0       0x2c src/hw/dirver/ssd1312.o
 .ARM.attributes
                0x00000000000001cc       0x2c src/hw/hw.o
 .ARM.attributes
                0x00000000000001f8       0x2c src/lib/stm32g071rbt6_oled_cube/Drivers/STM32G0xx_HAL_Driver/Src/stm32g0xx_hal.o
 .ARM.attributes
                0x0000000000000224       0x2c src/lib/stm32g071rbt6_oled_cube/Drivers/STM32G0xx_HAL_Driver/Src/stm32g0xx_hal_cortex.o
 .ARM.attributes
                0x0000000000000250       0x2c src/lib/stm32g071rbt6_oled_cube/Drivers/STM32G0xx_HAL_Driver/Src/stm32g0xx_hal_gpio.o
 .ARM.attributes
                0x000000000000027c       0x2c src/lib/stm32g071rbt6_oled_cube/Drivers/STM32G0xx_HAL_Driver/Src/stm32g0xx_hal_i2c.o
 .ARM.attributes
                0x00000000000002a8       0x2c src/lib/stm32g071rbt6_oled_cube/Drivers/STM32G0xx_HAL_Driver/Src/stm32g0xx_hal_i2c_ex.o
 .ARM.attributes
                0x00000000000002d4       0x2c src/lib/stm32g071rbt6_oled_cube/Drivers/STM32G0xx_HAL_Driver/Src/stm32g0xx_hal_pwr_ex.o
 .ARM.attributes
                0x0000000000000300       0x2c src/lib/stm32g071rbt6_oled_cube/Drivers/STM32G0xx_HAL_Driver/Src/stm32g0xx_hal_rcc.o
 .ARM.attributes
                0x000000000000032c       0x2c src/lib/stm32g071rbt6_oled_cube/Drivers/STM32G0xx_HAL_Driver/Src/stm32g0xx_hal_rcc_ex.o
 .ARM.attributes
                0x0000000000000358       0x2c src/main.o
 .ARM.attributes
                0x0000000000000384       0x2c d:/stm32cubeide_1.6.0/stm32cubeide/plugins/com.st.stm32cube.ide.mcu.externaltools.gnu-tools-for-stm32.9-2020-q2-update.win32_1.5.0.202011040924/tools/bin/../lib/gcc/arm-none-eabi/9.3.1/../../../../arm-none-eabi/lib/thumb/v6-m/nofp\libc_nano.a(lib_a-init.o)
 .ARM.attributes
                0x00000000000003b0       0x2c d:/stm32cubeide_1.6.0/stm32cubeide/plugins/com.st.stm32cube.ide.mcu.externaltools.gnu-tools-for-stm32.9-2020-q2-update.win32_1.5.0.202011040924/tools/bin/../lib/gcc/arm-none-eabi/9.3.1/../../../../arm-none-eabi/lib/thumb/v6-m/nofp\libc_nano.a(lib_a-memset.o)
 .ARM.attributes
                0x00000000000003dc       0x1e d:/stm32cubeide_1.6.0/stm32cubeide/plugins/com.st.stm32cube.ide.mcu.externaltools.gnu-tools-for-stm32.9-2020-q2-update.win32_1.5.0.202011040924/tools/bin/../lib/gcc/arm-none-eabi/9.3.1/thumb/v6-m/nofp\libgcc.a(_udivsi3.o)
 .ARM.attributes
                0x00000000000003fa       0x1e d:/stm32cubeide_1.6.0/stm32cubeide/plugins/com.st.stm32cube.ide.mcu.externaltools.gnu-tools-for-stm32.9-2020-q2-update.win32_1.5.0.202011040924/tools/bin/../lib/gcc/arm-none-eabi/9.3.1/thumb/v6-m/nofp\libgcc.a(_dvmd_tls.o)
 .ARM.attributes
                0x0000000000000418       0x1e d:/stm32cubeide_1.6.0/stm32cubeide/plugins/com.st.stm32cube.ide.mcu.externaltools.gnu-tools-for-stm32.9-2020-q2-update.win32_1.5.0.202011040924/tools/bin/../lib/gcc/arm-none-eabi/9.3.1/thumb/v6-m/nofp/crtn.o
OUTPUT(stm32g071rbt6_oled.elf elf32-littlearm)
LOAD linker stubs
LOAD d:/stm32cubeide_1.6.0/stm32cubeide/plugins/com.st.stm32cube.ide.mcu.externaltools.gnu-tools-for-stm32.9-2020-q2-update.win32_1.5.0.202011040924/tools/bin/../lib/gcc/arm-none-eabi/9.3.1/../../../../arm-none-eabi/lib/thumb/v6-m/nofp\libc.a
LOAD d:/stm32cubeide_1.6.0/stm32cubeide/plugins/com.st.stm32cube.ide.mcu.externaltools.gnu-tools-for-stm32.9-2020-q2-update.win32_1.5.0.202011040924/tools/bin/../lib/gcc/arm-none-eabi/9.3.1/../../../../arm-none-eabi/lib/thumb/v6-m/nofp\libm.a
LOAD d:/stm32cubeide_1.6.0/stm32cubeide/plugins/com.st.stm32cube.ide.mcu.externaltools.gnu-tools-for-stm32.9-2020-q2-update.win32_1.5.0.202011040924/tools/bin/../lib/gcc/arm-none-eabi/9.3.1/thumb/v6-m/nofp\libgcc.a

.debug_info     0x0000000000000000    0x10cd3
 .debug_info    0x0000000000000000     0x1158 src/ap/ap.o
 .debug_info    0x0000000000001158      0xef2 src/bsp/bsp.o
 .debug_info    0x000000000000204a     0x12f2 src/bsp/stm32g0xx_hal_msp.o
 .debug_info    0x000000000000333c     0x118e src/bsp/stm32g0xx_it.o
 .debug_info    0x00000000000044ca      0x3b2 src/bsp/system_stm32g0xx.o
 .debug_info    0x000000000000487c       0x22 src/bsp/startup/startup_stm32g071rbtx.o
 .debug_info    0x000000000000489e      0xdde src/hw/dirver/gpio.o
 .debug_info    0x000000000000567c     0x151a src/hw/dirver/i2c.o
 .debug_info    0x0000000000006b96     0x1342 src/hw/dirver/ssd1312.o
 .debug_info    0x0000000000007ed8     0x1146 src/hw/hw.o
 .debug_info    0x000000000000901e      0xb33 src/lib/stm32g071rbt6_oled_cube/Drivers/STM32G0xx_HAL_Driver/Src/stm32g0xx_hal.o
 .debug_info    0x0000000000009b51      0xa5f src/lib/stm32g071rbt6_oled_cube/Drivers/STM32G0xx_HAL_Driver/Src/stm32g0xx_hal_cortex.o
 .debug_info    0x000000000000a5b0      0x771 src/lib/stm32g071rbt6_oled_cube/Drivers/STM32G0xx_HAL_Driver/Src/stm32g0xx_hal_gpio.o
 .debug_info    0x000000000000ad21     0x2435 src/lib/stm32g071rbt6_oled_cube/Drivers/STM32G0xx_HAL_Driver/Src/stm32g0xx_hal_i2c.o
 .debug_info    0x000000000000d156      0xbb8 src/lib/stm32g071rbt6_oled_cube/Drivers/STM32G0xx_HAL_Driver/Src/stm32g0xx_hal_i2c_ex.o
 .debug_info    0x000000000000dd0e      0x947 src/lib/stm32g071rbt6_oled_cube/Drivers/STM32G0xx_HAL_Driver/Src/stm32g0xx_hal_pwr_ex.o
 .debug_info    0x000000000000e655      0xc14 src/lib/stm32g071rbt6_oled_cube/Drivers/STM32G0xx_HAL_Driver/Src/stm32g0xx_hal_rcc.o
 .debug_info    0x000000000000f269      0x920 src/lib/stm32g071rbt6_oled_cube/Drivers/STM32G0xx_HAL_Driver/Src/stm32g0xx_hal_rcc_ex.o
 .debug_info    0x000000000000fb89     0x114a src/main.o

.debug_abbrev   0x0000000000000000     0x2628
 .debug_abbrev  0x0000000000000000      0x1e0 src/ap/ap.o
 .debug_abbrev  0x00000000000001e0      0x258 src/bsp/bsp.o
 .debug_abbrev  0x0000000000000438      0x1f4 src/bsp/stm32g0xx_hal_msp.o
 .debug_abbrev  0x000000000000062c      0x1fa src/bsp/stm32g0xx_it.o
 .debug_abbrev  0x0000000000000826      0x116 src/bsp/system_stm32g0xx.o
 .debug_abbrev  0x000000000000093c       0x12 src/bsp/startup/startup_stm32g071rbtx.o
 .debug_abbrev  0x000000000000094e      0x262 src/hw/dirver/gpio.o
 .debug_abbrev  0x0000000000000bb0      0x227 src/hw/dirver/i2c.o
 .debug_abbrev  0x0000000000000dd7      0x264 src/hw/dirver/ssd1312.o
 .debug_abbrev  0x000000000000103b      0x1e0 src/hw/hw.o
 .debug_abbrev  0x000000000000121b      0x276 src/lib/stm32g071rbt6_oled_cube/Drivers/STM32G0xx_HAL_Driver/Src/stm32g0xx_hal.o
 .debug_abbrev  0x0000000000001491      0x2c5 src/lib/stm32g071rbt6_oled_cube/Drivers/STM32G0xx_HAL_Driver/Src/stm32g0xx_hal_cortex.o
 .debug_abbrev  0x0000000000001756      0x1df src/lib/stm32g071rbt6_oled_cube/Drivers/STM32G0xx_HAL_Driver/Src/stm32g0xx_hal_gpio.o
 .debug_abbrev  0x0000000000001935      0x278 src/lib/stm32g071rbt6_oled_cube/Drivers/STM32G0xx_HAL_Driver/Src/stm32g0xx_hal_i2c.o
 .debug_abbrev  0x0000000000001bad      0x1fd src/lib/stm32g071rbt6_oled_cube/Drivers/STM32G0xx_HAL_Driver/Src/stm32g0xx_hal_i2c_ex.o
 .debug_abbrev  0x0000000000001daa      0x245 src/lib/stm32g071rbt6_oled_cube/Drivers/STM32G0xx_HAL_Driver/Src/stm32g0xx_hal_pwr_ex.o
 .debug_abbrev  0x0000000000001fef      0x25b src/lib/stm32g071rbt6_oled_cube/Drivers/STM32G0xx_HAL_Driver/Src/stm32g0xx_hal_rcc.o
 .debug_abbrev  0x000000000000224a      0x1fc src/lib/stm32g071rbt6_oled_cube/Drivers/STM32G0xx_HAL_Driver/Src/stm32g0xx_hal_rcc_ex.o
 .debug_abbrev  0x0000000000002446      0x1e2 src/main.o

.debug_aranges  0x0000000000000000      0x930
 .debug_aranges
                0x0000000000000000       0x28 src/ap/ap.o
 .debug_aranges
                0x0000000000000028       0x48 src/bsp/bsp.o
 .debug_aranges
                0x0000000000000070       0x20 src/bsp/stm32g0xx_hal_msp.o
 .debug_aranges
                0x0000000000000090       0x40 src/bsp/stm32g0xx_it.o
 .debug_aranges
                0x00000000000000d0       0x28 src/bsp/system_stm32g0xx.o
 .debug_aranges
                0x00000000000000f8       0x28 src/bsp/startup/startup_stm32g071rbtx.o
 .debug_aranges
                0x0000000000000120       0x40 src/hw/dirver/gpio.o
 .debug_aranges
                0x0000000000000160       0x30 src/hw/dirver/i2c.o
 .debug_aranges
                0x0000000000000190       0x50 src/hw/dirver/ssd1312.o
 .debug_aranges
                0x00000000000001e0       0x20 src/hw/hw.o
 .debug_aranges
                0x0000000000000200      0x120 src/lib/stm32g071rbt6_oled_cube/Drivers/STM32G0xx_HAL_Driver/Src/stm32g0xx_hal.o
 .debug_aranges
                0x0000000000000320       0xd8 src/lib/stm32g071rbt6_oled_cube/Drivers/STM32G0xx_HAL_Driver/Src/stm32g0xx_hal_cortex.o
 .debug_aranges
                0x00000000000003f8       0x60 src/lib/stm32g071rbt6_oled_cube/Drivers/STM32G0xx_HAL_Driver/Src/stm32g0xx_hal_gpio.o
 .debug_aranges
                0x0000000000000458      0x2a0 src/lib/stm32g071rbt6_oled_cube/Drivers/STM32G0xx_HAL_Driver/Src/stm32g0xx_hal_i2c.o
 .debug_aranges
                0x00000000000006f8       0x48 src/lib/stm32g071rbt6_oled_cube/Drivers/STM32G0xx_HAL_Driver/Src/stm32g0xx_hal_i2c_ex.o
 .debug_aranges
                0x0000000000000740       0xf0 src/lib/stm32g071rbt6_oled_cube/Drivers/STM32G0xx_HAL_Driver/Src/stm32g0xx_hal_pwr_ex.o
 .debug_aranges
                0x0000000000000830       0xa0 src/lib/stm32g071rbt6_oled_cube/Drivers/STM32G0xx_HAL_Driver/Src/stm32g0xx_hal_rcc.o
 .debug_aranges
                0x00000000000008d0       0x40 src/lib/stm32g071rbt6_oled_cube/Drivers/STM32G0xx_HAL_Driver/Src/stm32g0xx_hal_rcc_ex.o
 .debug_aranges
                0x0000000000000910       0x20 src/main.o

.debug_ranges   0x0000000000000000      0x808
 .debug_ranges  0x0000000000000000       0x18 src/ap/ap.o
 .debug_ranges  0x0000000000000018       0x38 src/bsp/bsp.o
 .debug_ranges  0x0000000000000050       0x10 src/bsp/stm32g0xx_hal_msp.o
 .debug_ranges  0x0000000000000060       0x30 src/bsp/stm32g0xx_it.o
 .debug_ranges  0x0000000000000090       0x18 src/bsp/system_stm32g0xx.o
 .debug_ranges  0x00000000000000a8       0x20 src/bsp/startup/startup_stm32g071rbtx.o
 .debug_ranges  0x00000000000000c8       0x30 src/hw/dirver/gpio.o
 .debug_ranges  0x00000000000000f8       0x20 src/hw/dirver/i2c.o
 .debug_ranges  0x0000000000000118       0x40 src/hw/dirver/ssd1312.o
 .debug_ranges  0x0000000000000158       0x10 src/hw/hw.o
 .debug_ranges  0x0000000000000168      0x110 src/lib/stm32g071rbt6_oled_cube/Drivers/STM32G0xx_HAL_Driver/Src/stm32g0xx_hal.o
 .debug_ranges  0x0000000000000278       0xc8 src/lib/stm32g071rbt6_oled_cube/Drivers/STM32G0xx_HAL_Driver/Src/stm32g0xx_hal_cortex.o
 .debug_ranges  0x0000000000000340       0x50 src/lib/stm32g071rbt6_oled_cube/Drivers/STM32G0xx_HAL_Driver/Src/stm32g0xx_hal_gpio.o
 .debug_ranges  0x0000000000000390      0x290 src/lib/stm32g071rbt6_oled_cube/Drivers/STM32G0xx_HAL_Driver/Src/stm32g0xx_hal_i2c.o
 .debug_ranges  0x0000000000000620       0x38 src/lib/stm32g071rbt6_oled_cube/Drivers/STM32G0xx_HAL_Driver/Src/stm32g0xx_hal_i2c_ex.o
 .debug_ranges  0x0000000000000658       0xe0 src/lib/stm32g071rbt6_oled_cube/Drivers/STM32G0xx_HAL_Driver/Src/stm32g0xx_hal_pwr_ex.o
 .debug_ranges  0x0000000000000738       0x90 src/lib/stm32g071rbt6_oled_cube/Drivers/STM32G0xx_HAL_Driver/Src/stm32g0xx_hal_rcc.o
 .debug_ranges  0x00000000000007c8       0x30 src/lib/stm32g071rbt6_oled_cube/Drivers/STM32G0xx_HAL_Driver/Src/stm32g0xx_hal_rcc_ex.o
 .debug_ranges  0x00000000000007f8       0x10 src/main.o

.debug_macro    0x0000000000000000    0x194f2
 .debug_macro   0x0000000000000000      0x418 src/ap/ap.o
 .debug_macro   0x0000000000000418      0xa72 src/ap/ap.o
 .debug_macro   0x0000000000000e8a       0x22 src/ap/ap.o
 .debug_macro   0x0000000000000eac       0x4c src/ap/ap.o
 .debug_macro   0x0000000000000ef8       0x18 src/ap/ap.o
 .debug_macro   0x0000000000000f10       0x94 src/ap/ap.o
 .debug_macro   0x0000000000000fa4       0x3c src/ap/ap.o
 .debug_macro   0x0000000000000fe0       0x34 src/ap/ap.o
 .debug_macro   0x0000000000001014       0x16 src/ap/ap.o
 .debug_macro   0x000000000000102a       0x57 src/ap/ap.o
 .debug_macro   0x0000000000001081       0x97 src/ap/ap.o
 .debug_macro   0x0000000000001118      0x339 src/ap/ap.o
 .debug_macro   0x0000000000001451       0xfd src/ap/ap.o
 .debug_macro   0x000000000000154e       0x10 src/ap/ap.o
 .debug_macro   0x000000000000155e       0x16 src/ap/ap.o
 .debug_macro   0x0000000000001574       0x43 src/ap/ap.o
 .debug_macro   0x00000000000015b7       0x34 src/ap/ap.o
 .debug_macro   0x00000000000015eb       0x10 src/ap/ap.o
 .debug_macro   0x00000000000015fb       0x58 src/ap/ap.o
 .debug_macro   0x0000000000001653       0x71 src/ap/ap.o
 .debug_macro   0x00000000000016c4       0x1c src/ap/ap.o
 .debug_macro   0x00000000000016e0      0x12a src/ap/ap.o
 .debug_macro   0x000000000000180a       0x10 src/ap/ap.o
 .debug_macro   0x000000000000181a       0x6a src/ap/ap.o
 .debug_macro   0x0000000000001884       0x1c src/ap/ap.o
 .debug_macro   0x00000000000018a0       0x52 src/ap/ap.o
 .debug_macro   0x00000000000018f2       0x22 src/ap/ap.o
 .debug_macro   0x0000000000001914       0x10 src/ap/ap.o
 .debug_macro   0x0000000000001924       0x40 src/ap/ap.o
 .debug_macro   0x0000000000001964       0xd5 src/ap/ap.o
 .debug_macro   0x0000000000001a39       0x1c src/ap/ap.o
 .debug_macro   0x0000000000001a55       0x3d src/ap/ap.o
 .debug_macro   0x0000000000001a92       0x16 src/ap/ap.o
 .debug_macro   0x0000000000001aa8      0x145 src/ap/ap.o
 .debug_macro   0x0000000000001bed      0x103 src/ap/ap.o
 .debug_macro   0x0000000000001cf0      0x1df src/ap/ap.o
 .debug_macro   0x0000000000001ecf       0x22 src/ap/ap.o
 .debug_macro   0x0000000000001ef1       0x16 src/ap/ap.o
 .debug_macro   0x0000000000001f07       0x35 src/ap/ap.o
 .debug_macro   0x0000000000001f3c       0x16 src/ap/ap.o
 .debug_macro   0x0000000000001f52       0x29 src/ap/ap.o
 .debug_macro   0x0000000000001f7b       0x16 src/ap/ap.o
 .debug_macro   0x0000000000001f91       0x20 src/ap/ap.o
 .debug_macro   0x0000000000001fb1       0x4c src/ap/ap.o
 .debug_macro   0x0000000000001ffd       0x4c src/ap/ap.o
 .debug_macro   0x0000000000002049      0x117 src/ap/ap.o
 .debug_macro   0x0000000000002160       0x2e src/ap/ap.o
 .debug_macro   0x000000000000218e       0x28 src/ap/ap.o
 .debug_macro   0x00000000000021b6       0x1c src/ap/ap.o
 .debug_macro   0x00000000000021d2       0x22 src/ap/ap.o
 .debug_macro   0x00000000000021f4       0xd1 src/ap/ap.o
 .debug_macro   0x00000000000022c5      0x4da src/ap/ap.o
 .debug_macro   0x000000000000279f      0x11f src/ap/ap.o
 .debug_macro   0x00000000000028be     0xc730 src/ap/ap.o
 .debug_macro   0x000000000000efee       0x66 src/ap/ap.o
 .debug_macro   0x000000000000f054     0x34fd src/ap/ap.o
 .debug_macro   0x0000000000012551       0x56 src/ap/ap.o
 .debug_macro   0x00000000000125a7      0x56c src/ap/ap.o
 .debug_macro   0x0000000000012b13     0x10d5 src/ap/ap.o
 .debug_macro   0x0000000000013be8      0x264 src/ap/ap.o
 .debug_macro   0x0000000000013e4c      0x1cf src/ap/ap.o
 .debug_macro   0x000000000001401b      0x1d8 src/ap/ap.o
 .debug_macro   0x00000000000141f3      0x426 src/ap/ap.o
 .debug_macro   0x0000000000014619      0x280 src/ap/ap.o
 .debug_macro   0x0000000000014899      0x3a7 src/ap/ap.o
 .debug_macro   0x0000000000014c40      0x1b2 src/ap/ap.o
 .debug_macro   0x0000000000014df2       0x43 src/ap/ap.o
 .debug_macro   0x0000000000014e35      0x1f1 src/ap/ap.o
 .debug_macro   0x0000000000015026      0x1d6 src/ap/ap.o
 .debug_macro   0x00000000000151fc      0x38a src/ap/ap.o
 .debug_macro   0x0000000000015586       0x28 src/ap/ap.o
 .debug_macro   0x00000000000155ae       0xe4 src/ap/ap.o
 .debug_macro   0x0000000000015692      0x22c src/ap/ap.o
 .debug_macro   0x00000000000158be       0x67 src/ap/ap.o
 .debug_macro   0x0000000000015925       0xa5 src/ap/ap.o
 .debug_macro   0x00000000000159ca      0x125 src/ap/ap.o
 .debug_macro   0x0000000000015aef      0x240 src/ap/ap.o
 .debug_macro   0x0000000000015d2f      0x4f2 src/ap/ap.o
 .debug_macro   0x0000000000016221       0x22 src/ap/ap.o
 .debug_macro   0x0000000000016243       0x10 src/ap/ap.o
 .debug_macro   0x0000000000016253       0x16 src/ap/ap.o
 .debug_macro   0x0000000000016269      0x3b7 src/bsp/bsp.o
 .debug_macro   0x0000000000016620      0x422 src/bsp/stm32g0xx_hal_msp.o
 .debug_macro   0x0000000000016a42      0x42c src/bsp/stm32g0xx_it.o
 .debug_macro   0x0000000000016e6e       0xe1 src/bsp/system_stm32g0xx.o
 .debug_macro   0x0000000000016f4f       0x8e src/bsp/system_stm32g0xx.o
 .debug_macro   0x0000000000016fdd       0x51 src/bsp/system_stm32g0xx.o
 .debug_macro   0x000000000001702e       0xd7 src/bsp/system_stm32g0xx.o
 .debug_macro   0x0000000000017105      0x3d6 src/hw/dirver/gpio.o
 .debug_macro   0x00000000000174db      0x3d6 src/hw/dirver/i2c.o
 .debug_macro   0x00000000000178b1      0x3e8 src/hw/dirver/ssd1312.o
 .debug_macro   0x0000000000017c99      0x40e src/hw/hw.o
 .debug_macro   0x00000000000180a7      0x1ef src/lib/stm32g071rbt6_oled_cube/Drivers/STM32G0xx_HAL_Driver/Src/stm32g0xx_hal.o
 .debug_macro   0x0000000000018296       0x5c src/lib/stm32g071rbt6_oled_cube/Drivers/STM32G0xx_HAL_Driver/Src/stm32g0xx_hal.o
 .debug_macro   0x00000000000182f2      0x1cb src/lib/stm32g071rbt6_oled_cube/Drivers/STM32G0xx_HAL_Driver/Src/stm32g0xx_hal_cortex.o
 .debug_macro   0x00000000000184bd      0x1d2 src/lib/stm32g071rbt6_oled_cube/Drivers/STM32G0xx_HAL_Driver/Src/stm32g0xx_hal_gpio.o
 .debug_macro   0x000000000001868f      0x297 src/lib/stm32g071rbt6_oled_cube/Drivers/STM32G0xx_HAL_Driver/Src/stm32g0xx_hal_i2c.o
 .debug_macro   0x0000000000018926      0x1cb src/lib/stm32g071rbt6_oled_cube/Drivers/STM32G0xx_HAL_Driver/Src/stm32g0xx_hal_i2c_ex.o
 .debug_macro   0x0000000000018af1      0x1f5 src/lib/stm32g071rbt6_oled_cube/Drivers/STM32G0xx_HAL_Driver/Src/stm32g0xx_hal_pwr_ex.o
 .debug_macro   0x0000000000018ce6      0x207 src/lib/stm32g071rbt6_oled_cube/Drivers/STM32G0xx_HAL_Driver/Src/stm32g0xx_hal_rcc.o
 .debug_macro   0x0000000000018eed      0x1e3 src/lib/stm32g071rbt6_oled_cube/Drivers/STM32G0xx_HAL_Driver/Src/stm32g0xx_hal_rcc_ex.o
 .debug_macro   0x00000000000190d0      0x422 src/main.o

.debug_line     0x0000000000000000    0x107e1
 .debug_line    0x0000000000000000      0xbe3 src/ap/ap.o
 .debug_line    0x0000000000000be3      0xbee src/bsp/bsp.o
 .debug_line    0x00000000000017d1      0xc5b src/bsp/stm32g0xx_hal_msp.o
 .debug_line    0x000000000000242c      0xcbf src/bsp/stm32g0xx_it.o
 .debug_line    0x00000000000030eb      0x594 src/bsp/system_stm32g0xx.o
 .debug_line    0x000000000000367f       0x8c src/bsp/startup/startup_stm32g071rbtx.o
 .debug_line    0x000000000000370b      0xc94 src/hw/dirver/gpio.o
 .debug_line    0x000000000000439f      0xc2a src/hw/dirver/i2c.o
 .debug_line    0x0000000000004fc9      0xd1a src/hw/dirver/ssd1312.o
 .debug_line    0x0000000000005ce3      0xbc3 src/hw/hw.o
 .debug_line    0x00000000000068a6      0xc2f src/lib/stm32g071rbt6_oled_cube/Drivers/STM32G0xx_HAL_Driver/Src/stm32g0xx_hal.o
 .debug_line    0x00000000000074d5      0xcb0 src/lib/stm32g071rbt6_oled_cube/Drivers/STM32G0xx_HAL_Driver/Src/stm32g0xx_hal_cortex.o
 .debug_line    0x0000000000008185      0xc9c src/lib/stm32g071rbt6_oled_cube/Drivers/STM32G0xx_HAL_Driver/Src/stm32g0xx_hal_gpio.o
 .debug_line    0x0000000000008e21     0x3842 src/lib/stm32g071rbt6_oled_cube/Drivers/STM32G0xx_HAL_Driver/Src/stm32g0xx_hal_i2c.o
 .debug_line    0x000000000000c663      0xaa4 src/lib/stm32g071rbt6_oled_cube/Drivers/STM32G0xx_HAL_Driver/Src/stm32g0xx_hal_i2c_ex.o
 .debug_line    0x000000000000d107      0xc08 src/lib/stm32g071rbt6_oled_cube/Drivers/STM32G0xx_HAL_Driver/Src/stm32g0xx_hal_pwr_ex.o
 .debug_line    0x000000000000dd0f     0x105a src/lib/stm32g071rbt6_oled_cube/Drivers/STM32G0xx_HAL_Driver/Src/stm32g0xx_hal_rcc.o
 .debug_line    0x000000000000ed69      0xe6b src/lib/stm32g071rbt6_oled_cube/Drivers/STM32G0xx_HAL_Driver/Src/stm32g0xx_hal_rcc_ex.o
 .debug_line    0x000000000000fbd4      0xc0d src/main.o

.debug_str      0x0000000000000000    0x93b84
 .debug_str     0x0000000000000000    0x9113b src/ap/ap.o
                                      0x917a8 (size before relaxing)
 .debug_str     0x000000000009113b      0x226 src/bsp/bsp.o
                                      0x91312 (size before relaxing)
 .debug_str     0x0000000000091361       0x38 src/bsp/stm32g0xx_hal_msp.o
                                      0x91887 (size before relaxing)
 .debug_str     0x0000000000091399       0x75 src/bsp/stm32g0xx_it.o
                                      0x9180d (size before relaxing)
 .debug_str     0x000000000009140e       0xb0 src/bsp/system_stm32g0xx.o
                                      0x4f4b5 (size before relaxing)
 .debug_str     0x00000000000914be       0x39 src/bsp/startup/startup_stm32g071rbtx.o
                                         0x7b (size before relaxing)
 .debug_str     0x00000000000914f7      0x122 src/hw/dirver/gpio.o
                                      0x91296 (size before relaxing)
 .debug_str     0x0000000000091619      0x179 src/hw/dirver/i2c.o
                                      0x91952 (size before relaxing)
 .debug_str     0x0000000000091792       0xdd src/hw/dirver/ssd1312.o
                                      0x9181c (size before relaxing)
 .debug_str     0x000000000009186f       0x16 src/hw/hw.o
                                      0x91793 (size before relaxing)
 .debug_str     0x0000000000091885      0x6e2 src/lib/stm32g071rbt6_oled_cube/Drivers/STM32G0xx_HAL_Driver/Src/stm32g0xx_hal.o
                                      0x8d528 (size before relaxing)
 .debug_str     0x0000000000091f67      0x2c7 src/lib/stm32g071rbt6_oled_cube/Drivers/STM32G0xx_HAL_Driver/Src/stm32g0xx_hal_cortex.o
                                      0x8d27d (size before relaxing)
 .debug_str     0x000000000009222e      0x1a6 src/lib/stm32g071rbt6_oled_cube/Drivers/STM32G0xx_HAL_Driver/Src/stm32g0xx_hal_gpio.o
                                      0x8cf37 (size before relaxing)
 .debug_str     0x00000000000923d4      0xde3 src/lib/stm32g071rbt6_oled_cube/Drivers/STM32G0xx_HAL_Driver/Src/stm32g0xx_hal_i2c.o
                                      0x8e147 (size before relaxing)
 .debug_str     0x00000000000931b7       0xd8 src/lib/stm32g071rbt6_oled_cube/Drivers/STM32G0xx_HAL_Driver/Src/stm32g0xx_hal_i2c_ex.o
                                      0x8d420 (size before relaxing)
 .debug_str     0x000000000009328f      0x3cb src/lib/stm32g071rbt6_oled_cube/Drivers/STM32G0xx_HAL_Driver/Src/stm32g0xx_hal_pwr_ex.o
                                      0x8d26b (size before relaxing)
 .debug_str     0x000000000009365a      0x38b src/lib/stm32g071rbt6_oled_cube/Drivers/STM32G0xx_HAL_Driver/Src/stm32g0xx_hal_rcc.o
                                      0x8d3b3 (size before relaxing)
 .debug_str     0x00000000000939e5      0x18c src/lib/stm32g071rbt6_oled_cube/Drivers/STM32G0xx_HAL_Driver/Src/stm32g0xx_hal_rcc_ex.o
                                      0x8d13e (size before relaxing)
 .debug_str     0x0000000000093b71       0x13 src/main.o
                                      0x917ab (size before relaxing)

.comment        0x0000000000000000       0x53
 .comment       0x0000000000000000       0x53 src/ap/ap.o
                                         0x54 (size before relaxing)
 .comment       0x0000000000000053       0x54 src/bsp/bsp.o
 .comment       0x0000000000000053       0x54 src/bsp/stm32g0xx_hal_msp.o
 .comment       0x0000000000000053       0x54 src/bsp/stm32g0xx_it.o
 .comment       0x0000000000000053       0x54 src/bsp/system_stm32g0xx.o
 .comment       0x0000000000000053       0x54 src/hw/dirver/gpio.o
 .comment       0x0000000000000053       0x54 src/hw/dirver/i2c.o
 .comment       0x0000000000000053       0x54 src/hw/dirver/ssd1312.o
 .comment       0x0000000000000053       0x54 src/hw/hw.o
 .comment       0x0000000000000053       0x54 src/lib/stm32g071rbt6_oled_cube/Drivers/STM32G0xx_HAL_Driver/Src/stm32g0xx_hal.o
 .comment       0x0000000000000053       0x54 src/lib/stm32g071rbt6_oled_cube/Drivers/STM32G0xx_HAL_Driver/Src/stm32g0xx_hal_cortex.o
 .comment       0x0000000000000053       0x54 src/lib/stm32g071rbt6_oled_cube/Drivers/STM32G0xx_HAL_Driver/Src/stm32g0xx_hal_gpio.o
 .comment       0x0000000000000053       0x54 src/lib/stm32g071rbt6_oled_cube/Drivers/STM32G0xx_HAL_Driver/Src/stm32g0xx_hal_i2c.o
 .comment       0x0000000000000053       0x54 src/lib/stm32g071rbt6_oled_cube/Drivers/STM32G0xx_HAL_Driver/Src/stm32g0xx_hal_i2c_ex.o
 .comment       0x0000000000000053       0x54 src/lib/stm32g071rbt6_oled_cube/Drivers/STM32G0xx_HAL_Driver/Src/stm32g0xx_hal_pwr_ex.o
 .comment       0x0000000000000053       0x54 src/lib/stm32g071rbt6_oled_cube/Drivers/STM32G0xx_HAL_Driver/Src/stm32g0xx_hal_rcc.o
 .comment       0x0000000000000053       0x54 src/lib/stm32g071rbt6_oled_cube/Drivers/STM32G0xx_HAL_Driver/Src/stm32g0xx_hal_rcc_ex.o
 .comment       0x0000000000000053       0x54 src/main.o

.debug_frame    0x0000000000000000     0x1e24
 .debug_frame   0x0000000000000000       0x48 src/ap/ap.o
 .debug_frame   0x0000000000000048       0xc8 src/bsp/bsp.o
 .debug_frame   0x0000000000000110       0x30 src/bsp/stm32g0xx_hal_msp.o
 .debug_frame   0x0000000000000140       0x9c src/bsp/stm32g0xx_it.o
 .debug_frame   0x00000000000001dc       0x4c src/bsp/system_stm32g0xx.o
 .debug_frame   0x0000000000000228       0xb0 src/hw/dirver/gpio.o
 .debug_frame   0x00000000000002d8       0x6c src/hw/dirver/i2c.o
 .debug_frame   0x0000000000000344       0xf0 src/hw/dirver/ssd1312.o
 .debug_frame   0x0000000000000434       0x2c src/hw/hw.o
 .debug_frame   0x0000000000000460      0x3dc src/lib/stm32g071rbt6_oled_cube/Drivers/STM32G0xx_HAL_Driver/Src/stm32g0xx_hal.o
 .debug_frame   0x000000000000083c      0x2fc src/lib/stm32g071rbt6_oled_cube/Drivers/STM32G0xx_HAL_Driver/Src/stm32g0xx_hal_cortex.o
 .debug_frame   0x0000000000000b38      0x130 src/lib/stm32g071rbt6_oled_cube/Drivers/STM32G0xx_HAL_Driver/Src/stm32g0xx_hal_gpio.o
 .debug_frame   0x0000000000000c68      0xa64 src/lib/stm32g071rbt6_oled_cube/Drivers/STM32G0xx_HAL_Driver/Src/stm32g0xx_hal_i2c.o
 .debug_frame   0x00000000000016cc       0xd0 src/lib/stm32g071rbt6_oled_cube/Drivers/STM32G0xx_HAL_Driver/Src/stm32g0xx_hal_i2c_ex.o
 .debug_frame   0x000000000000179c      0x32c src/lib/stm32g071rbt6_oled_cube/Drivers/STM32G0xx_HAL_Driver/Src/stm32g0xx_hal_pwr_ex.o
 .debug_frame   0x0000000000001ac8      0x214 src/lib/stm32g071rbt6_oled_cube/Drivers/STM32G0xx_HAL_Driver/Src/stm32g0xx_hal_rcc.o
 .debug_frame   0x0000000000001cdc       0xb0 src/lib/stm32g071rbt6_oled_cube/Drivers/STM32G0xx_HAL_Driver/Src/stm32g0xx_hal_rcc_ex.o
 .debug_frame   0x0000000000001d8c       0x2c src/main.o
 .debug_frame   0x0000000000001db8       0x2c d:/stm32cubeide_1.6.0/stm32cubeide/plugins/com.st.stm32cube.ide.mcu.externaltools.gnu-tools-for-stm32.9-2020-q2-update.win32_1.5.0.202011040924/tools/bin/../lib/gcc/arm-none-eabi/9.3.1/../../../../arm-none-eabi/lib/thumb/v6-m/nofp\libc_nano.a(lib_a-init.o)
 .debug_frame   0x0000000000001de4       0x20 d:/stm32cubeide_1.6.0/stm32cubeide/plugins/com.st.stm32cube.ide.mcu.externaltools.gnu-tools-for-stm32.9-2020-q2-update.win32_1.5.0.202011040924/tools/bin/../lib/gcc/arm-none-eabi/9.3.1/../../../../arm-none-eabi/lib/thumb/v6-m/nofp\libc_nano.a(lib_a-memset.o)
 .debug_frame   0x0000000000001e04       0x20 d:/stm32cubeide_1.6.0/stm32cubeide/plugins/com.st.stm32cube.ide.mcu.externaltools.gnu-tools-for-stm32.9-2020-q2-update.win32_1.5.0.202011040924/tools/bin/../lib/gcc/arm-none-eabi/9.3.1/thumb/v6-m/nofp\libgcc.a(_udivsi3.o)
