Archive member included to satisfy reference by file (symbol)

d:/stm32cubeide_1.6.0/stm32cubeide/plugins/com.st.stm32cube.ide.mcu.externaltools.gnu-tools-for-stm32.9-2020-q2-update.win32_1.5.0.202011040924/tools/bin/../lib/gcc/arm-none-eabi/9.3.1/../../../../arm-none-eabi/lib/thumb/v6-m/nofp\libc_nano.a(lib_a-errno.o)
                              src/bsp/syscalls.o (__errno)
d:/stm32cubeide_1.6.0/stm32cubeide/plugins/com.st.stm32cube.ide.mcu.externaltools.gnu-tools-for-stm32.9-2020-q2-update.win32_1.5.0.202011040924/tools/bin/../lib/gcc/arm-none-eabi/9.3.1/../../../../arm-none-eabi/lib/thumb/v6-m/nofp\libc_nano.a(lib_a-exit.o)
                              d:/stm32cubeide_1.6.0/stm32cubeide/plugins/com.st.stm32cube.ide.mcu.externaltools.gnu-tools-for-stm32.9-2020-q2-update.win32_1.5.0.202011040924/tools/bin/../lib/gcc/arm-none-eabi/9.3.1/../../../../arm-none-eabi/lib/thumb/v6-m/nofp/crt0.o (exit)
d:/stm32cubeide_1.6.0/stm32cubeide/plugins/com.st.stm32cube.ide.mcu.externaltools.gnu-tools-for-stm32.9-2020-q2-update.win32_1.5.0.202011040924/tools/bin/../lib/gcc/arm-none-eabi/9.3.1/../../../../arm-none-eabi/lib/thumb/v6-m/nofp\libc_nano.a(lib_a-impure.o)
                              d:/stm32cubeide_1.6.0/stm32cubeide/plugins/com.st.stm32cube.ide.mcu.externaltools.gnu-tools-for-stm32.9-2020-q2-update.win32_1.5.0.202011040924/tools/bin/../lib/gcc/arm-none-eabi/9.3.1/../../../../arm-none-eabi/lib/thumb/v6-m/nofp\libc_nano.a(lib_a-exit.o) (_global_impure_ptr)
d:/stm32cubeide_1.6.0/stm32cubeide/plugins/com.st.stm32cube.ide.mcu.externaltools.gnu-tools-for-stm32.9-2020-q2-update.win32_1.5.0.202011040924/tools/bin/../lib/gcc/arm-none-eabi/9.3.1/../../../../arm-none-eabi/lib/thumb/v6-m/nofp\libc_nano.a(lib_a-init.o)
                              d:/stm32cubeide_1.6.0/stm32cubeide/plugins/com.st.stm32cube.ide.mcu.externaltools.gnu-tools-for-stm32.9-2020-q2-update.win32_1.5.0.202011040924/tools/bin/../lib/gcc/arm-none-eabi/9.3.1/../../../../arm-none-eabi/lib/thumb/v6-m/nofp/crt0.o (__libc_init_array)
d:/stm32cubeide_1.6.0/stm32cubeide/plugins/com.st.stm32cube.ide.mcu.externaltools.gnu-tools-for-stm32.9-2020-q2-update.win32_1.5.0.202011040924/tools/bin/../lib/gcc/arm-none-eabi/9.3.1/../../../../arm-none-eabi/lib/thumb/v6-m/nofp\libc_nano.a(lib_a-memset.o)
                              d:/stm32cubeide_1.6.0/stm32cubeide/plugins/com.st.stm32cube.ide.mcu.externaltools.gnu-tools-for-stm32.9-2020-q2-update.win32_1.5.0.202011040924/tools/bin/../lib/gcc/arm-none-eabi/9.3.1/../../../../arm-none-eabi/lib/thumb/v6-m/nofp/crt0.o (memset)
d:/stm32cubeide_1.6.0/stm32cubeide/plugins/com.st.stm32cube.ide.mcu.externaltools.gnu-tools-for-stm32.9-2020-q2-update.win32_1.5.0.202011040924/tools/bin/../lib/gcc/arm-none-eabi/9.3.1/thumb/v6-m/nofp\libgcc.a(_udivsi3.o)
                              src/bsp/system_stm32g0xx.o (__aeabi_uidiv)
d:/stm32cubeide_1.6.0/stm32cubeide/plugins/com.st.stm32cube.ide.mcu.externaltools.gnu-tools-for-stm32.9-2020-q2-update.win32_1.5.0.202011040924/tools/bin/../lib/gcc/arm-none-eabi/9.3.1/thumb/v6-m/nofp\libgcc.a(_dvmd_tls.o)
                              d:/stm32cubeide_1.6.0/stm32cubeide/plugins/com.st.stm32cube.ide.mcu.externaltools.gnu-tools-for-stm32.9-2020-q2-update.win32_1.5.0.202011040924/tools/bin/../lib/gcc/arm-none-eabi/9.3.1/thumb/v6-m/nofp\libgcc.a(_udivsi3.o) (__aeabi_idiv0)

Allocating common symbols
Common symbol       size              file

hi2c1               0x54              src/hw/dirver/i2c.o
uwTick              0x4               src/lib/stm32g071rbt6_oled_cube/Drivers/STM32G0xx_HAL_Driver/Src/stm32g0xx_hal.o
SSD1312_Buffer      0x400             src/ap/ap.o

Discarded input sections

 .text          0x0000000000000000        0x0 d:/stm32cubeide_1.6.0/stm32cubeide/plugins/com.st.stm32cube.ide.mcu.externaltools.gnu-tools-for-stm32.9-2020-q2-update.win32_1.5.0.202011040924/tools/bin/../lib/gcc/arm-none-eabi/9.3.1/thumb/v6-m/nofp/crti.o
 .data          0x0000000000000000        0x0 d:/stm32cubeide_1.6.0/stm32cubeide/plugins/com.st.stm32cube.ide.mcu.externaltools.gnu-tools-for-stm32.9-2020-q2-update.win32_1.5.0.202011040924/tools/bin/../lib/gcc/arm-none-eabi/9.3.1/thumb/v6-m/nofp/crti.o
 .bss           0x0000000000000000        0x0 d:/stm32cubeide_1.6.0/stm32cubeide/plugins/com.st.stm32cube.ide.mcu.externaltools.gnu-tools-for-stm32.9-2020-q2-update.win32_1.5.0.202011040924/tools/bin/../lib/gcc/arm-none-eabi/9.3.1/thumb/v6-m/nofp/crti.o
 .data          0x0000000000000000        0x4 d:/stm32cubeide_1.6.0/stm32cubeide/plugins/com.st.stm32cube.ide.mcu.externaltools.gnu-tools-for-stm32.9-2020-q2-update.win32_1.5.0.202011040924/tools/bin/../lib/gcc/arm-none-eabi/9.3.1/thumb/v6-m/nofp/crtbegin.o
 .text          0x0000000000000000       0x80 d:/stm32cubeide_1.6.0/stm32cubeide/plugins/com.st.stm32cube.ide.mcu.externaltools.gnu-tools-for-stm32.9-2020-q2-update.win32_1.5.0.202011040924/tools/bin/../lib/gcc/arm-none-eabi/9.3.1/../../../../arm-none-eabi/lib/thumb/v6-m/nofp/crt0.o
[...]
Memory Configuration

Name             Origin             Length             Attributes
RAM              0x0000000020000000 0x0000000000009000 xrw
FLASH            0x0000000008000000 0x0000000000020000 xr
*default*        0x0000000000000000 0xffffffffffffffff

Linker script and memory map

LOAD d:/stm32cubeide_1.6.0/stm32cubeide/plugins/com.st.stm32cube.ide.mcu.externaltools.gnu-tools-for-stm32.9-2020-q2-update.win32_1.5.0.202011040924/tools/bin/../lib/gcc/arm-none-eabi/9.3.1/thumb/v6-m/nofp/crti.o
LOAD d:/stm32cubeide_1.6.0/stm32cubeide/plugins/com.st.stm32cube.ide.mcu.externaltools.gnu-tools-for-stm32.9-2020-q2-update.win32_1.5.0.202011040924/tools/bin/../lib/gcc/arm-none-eabi/9.3.1/thumb/v6-m/nofp/crtbegin.o
LOAD d:/stm32cubeide_1.6.0/stm32cubeide/plugins/com.st.stm32cube.ide.mcu.externaltools.gnu-tools-for-stm32.9-2020-q2-update.win32_1.5.0.202011040924/tools/bin/../lib/gcc/arm-none-eabi/9.3.1/../../../../arm-none-eabi/lib/thumb/v6-m/nofp/crt0.o
LOAD src/ap/ap.o
LOAD src/bsp/bsp.o
LOAD src/bsp/stm32g0xx_hal_msp.o
LOAD src/bsp/stm32g0xx_it.o
LOAD src/bsp/syscalls.o
LOAD src/bsp/sysmem.o
LOAD src/bsp/system_stm32g0xx.o
LOAD src/bsp/startup/startup_stm32g071rbtx.o
LOAD src/hw/dirver/gpio.o
LOAD src/hw/dirver/i2c.o
LOAD src/hw/dirver/ssd1312_command.o
LOAD src/hw/dirver/ssd1312_draw.o
LOAD src/hw/hw.o
LOAD src/lib/stm32g071rbt6_oled_cube/Drivers/STM32G0xx_HAL_Driver/Src/stm32g0xx_hal.o
LOAD src/lib/stm32g071rbt6_oled_cube/Drivers/STM32G0xx_HAL_Driver/Src/stm32g0xx_hal_cortex.o
LOAD src/lib/stm32g071rbt6_oled_cube/Drivers/STM32G0xx_HAL_Driver/Src/stm32g0xx_hal_dma.o
LOAD src/lib/stm32g071rbt6_oled_cube/Drivers/STM32G0xx_HAL_Driver/Src/stm32g0xx_hal_dma_ex.o
LOAD src/lib/stm32g071rbt6_oled_cube/Drivers/STM32G0xx_HAL_Driver/Src/stm32g0xx_hal_exti.o
LOAD src/lib/stm32g071rbt6_oled_cube/Drivers/STM32G0xx_HAL_Driver/Src/stm32g0xx_hal_flash.o
LOAD src/lib/stm32g071rbt6_oled_cube/Drivers/STM32G0xx_HAL_Driver/Src/stm32g0xx_hal_flash_ex.o
LOAD src/lib/stm32g071rbt6_oled_cube/Drivers/STM32G0xx_HAL_Driver/Src/stm32g0xx_hal_gpio.o
LOAD src/lib/stm32g071rbt6_oled_cube/Drivers/STM32G0xx_HAL_Driver/Src/stm32g0xx_hal_i2c.o
LOAD src/lib/stm32g071rbt6_oled_cube/Drivers/STM32G0xx_HAL_Driver/Src/stm32g0xx_hal_i2c_ex.o
LOAD src/lib/stm32g071rbt6_oled_cube/Drivers/STM32G0xx_HAL_Driver/Src/stm32g0xx_hal_pwr.o
LOAD src/lib/stm32g071rbt6_oled_cube/Drivers/STM32G0xx_HAL_Driver/Src/stm32g0xx_hal_pwr_ex.o
LOAD src/lib/stm32g071rbt6_oled_cube/Drivers/STM32G0xx_HAL_Driver/Src/stm32g0xx_hal_rcc.o
LOAD src/lib/stm32g071rbt6_oled_cube/Drivers/STM32G0xx_HAL_Driver/Src/stm32g0xx_hal_rcc_ex.o
LOAD src/lib/stm32g071rbt6_oled_cube/Drivers/STM32G0xx_HAL_Driver/Src/stm32g0xx_hal_tim.o
LOAD src/lib/stm32g071rbt6_oled_cube/Drivers/STM32G0xx_HAL_Driver/Src/stm32g0xx_hal_tim_ex.o
LOAD src/lib/stm32g071rbt6_oled_cube/Drivers/STM32G0xx_HAL_Driver/Src/stm32g0xx_ll_dma.o
LOAD src/lib/stm32g071rbt6_oled_cube/Drivers/STM32G0xx_HAL_Driver/Src/stm32g0xx_ll_rcc.o
LOAD src/main.o
START GROUP
LOAD d:/stm32cubeide_1.6.0/stm32cubeide/plugins/com.st.stm32cube.ide.mcu.externaltools.gnu-tools-for-stm32.9-2020-q2-update.win32_1.5.0.202011040924/tools/bin/../lib/gcc/arm-none-eabi/9.3.1/../../../../arm-none-eabi/lib/thumb/v6-m/nofp\libc_nano.a
LOAD d:/stm32cubeide_1.6.0/stm32cubeide/plugins/com.st.stm32cube.ide.mcu.externaltools.gnu-tools-for-stm32.9-2020-q2-update.win32_1.5.0.202011040924/tools/bin/../lib/gcc/arm-none-eabi/9.3.1/../../../../arm-none-eabi/lib/thumb/v6-m/nofp\libm.a
END GROUP
START GROUP
LOAD d:/stm32cubeide_1.6.0/stm32cubeide/plugins/com.st.stm32cube.ide.mcu.externaltools.gnu-tools-for-stm32.9-2020-q2-update.win32_1.5.0.202011040924/tools/bin/../lib/gcc/arm-none-eabi/9.3.1/thumb/v6-m/nofp\libgcc.a
LOAD d:/stm32cubeide_1.6.0/stm32cubeide/plugins/com.st.stm32cube.ide.mcu.externaltools.gnu-tools-for-stm32.9-2020-q2-update.win32_1.5.0.202011040924/tools/bin/../lib/gcc/arm-none-eabi/9.3.1/../../../../arm-none-eabi/lib/thumb/v6-m/nofp\libc_nano.a
END GROUP
START GROUP
LOAD d:/stm32cubeide_1.6.0/stm32cubeide/plugins/com.st.stm32cube.ide.mcu.externaltools.gnu-tools-for-stm32.9-2020-q2-update.win32_1.5.0.202011040924/tools/bin/../lib/gcc/arm-none-eabi/9.3.1/thumb/v6-m/nofp\libgcc.a
LOAD d:/stm32cubeide_1.6.0/stm32cubeide/plugins/com.st.stm32cube.ide.mcu.externaltools.gnu-tools-for-stm32.9-2020-q2-update.win32_1.5.0.202011040924/tools/bin/../lib/gcc/arm-none-eabi/9.3.1/../../../../arm-none-eabi/lib/thumb/v6-m/nofp\libc_nano.a
LOAD d:/stm32cubeide_1.6.0/stm32cubeide/plugins/com.st.stm32cube.ide.mcu.externaltools.gnu-tools-for-stm32.9-2020-q2-update.win32_1.5.0.202011040924/tools/bin/../lib/gcc/arm-none-eabi/9.3.1/../../../../arm-none-eabi/lib/thumb/v6-m/nofp\libnosys.a
END GROUP
START GROUP
LOAD d:/stm32cubeide_1.6.0/stm32cubeide/plugins/com.st.stm32cube.ide.mcu.externaltools.gnu-tools-for-stm32.9-2020-q2-update.win32_1.5.0.202011040924/tools/bin/../lib/gcc/arm-none-eabi/9.3.1/thumb/v6-m/nofp\libgcc.a
LOAD d:/stm32cubeide_1.6.0/stm32cubeide/plugins/com.st.stm32cube.ide.mcu.externaltools.gnu-tools-for-stm32.9-2020-q2-update.win32_1.5.0.202011040924/tools/bin/../lib/gcc/arm-none-eabi/9.3.1/../../../../arm-none-eabi/lib/thumb/v6-m/nofp\libc_nano.a
LOAD d:/stm32cubeide_1.6.0/stm32cubeide/plugins/com.st.stm32cube.ide.mcu.externaltools.gnu-tools-for-stm32.9-2020-q2-update.win32_1.5.0.202011040924/tools/bin/../lib/gcc/arm-none-eabi/9.3.1/../../../../arm-none-eabi/lib/thumb/v6-m/nofp\libnosys.a
END GROUP
LOAD d:/stm32cubeide_1.6.0/stm32cubeide/plugins/com.st.stm32cube.ide.mcu.externaltools.gnu-tools-for-stm32.9-2020-q2-update.win32_1.5.0.202011040924/tools/bin/../lib/gcc/arm-none-eabi/9.3.1/thumb/v6-m/nofp/crtend.o
LOAD d:/stm32cubeide_1.6.0/stm32cubeide/plugins/com.st.stm32cube.ide.mcu.externaltools.gnu-tools-for-stm32.9-2020-q2-update.win32_1.5.0.202011040924/tools/bin/../lib/gcc/arm-none-eabi/9.3.1/thumb/v6-m/nofp/crtn.o
                0x0000000020009000                _estack = (ORIGIN (RAM) + LENGTH (RAM))
                0x0000000000000200                _Min_Heap_Size = 0x200
                0x0000000000000400                _Min_Stack_Size = 0x400

.isr_vector     0x0000000008000000       0xbc
                0x0000000008000000                . = ALIGN (0x4)
 *(.isr_vector)
 .isr_vector    0x0000000008000000       0xbc src/bsp/startup/startup_stm32g071rbtx.o
                0x0000000008000000                g_pfnVectors
                0x00000000080000bc                . = ALIGN (0x4)

.text           0x00000000080000bc     0x2928
                0x00000000080000bc                . = ALIGN (0x4)
 *(.text)
 .text          0x00000000080000bc       0x48 d:/stm32cubeide_1.6.0/stm32cubeide/plugins/com.st.stm32cube.ide.mcu.externaltools.gnu-tools-for-stm32.9-2020-q2-update.win32_1.5.0.202011040924/tools/bin/../lib/gcc/arm-none-eabi/9.3.1/thumb/v6-m/nofp/crtbegin.o
 .text          0x0000000008000104      0x114 d:/stm32cubeide_1.6.0/stm32cubeide/plugins/com.st.stm32cube.ide.mcu.externaltools.gnu-tools-for-stm32.9-2020-q2-update.win32_1.5.0.202011040924/tools/bin/../lib/gcc/arm-none-eabi/9.3.1/thumb/v6-m/nofp\libgcc.a(_udivsi3.o)
                0x0000000008000104                __aeabi_uidiv
                0x0000000008000104                __udivsi3
                0x0000000008000210                __aeabi_uidivmod
 .text          0x0000000008000218        0x4 d:/stm32cubeide_1.6.0/stm32cubeide/plugins/com.st.stm32cube.ide.mcu.externaltools.gnu-tools-for-stm32.9-2020-q2-update.win32_1.5.0.202011040924/tools/bin/../lib/gcc/arm-none-eabi/9.3.1/thumb/v6-m/nofp\libgcc.a(_dvmd_tls.o)
                0x0000000008000218                __aeabi_idiv0
                0x0000000008000218                __aeabi_ldiv0
 *(.text*)
 .text.apInit   0x000000000800021c       0x12 src/ap/ap.o
                0x000000000800021c                apInit
 .text.apMain   0x000000000800022e       0x10 src/ap/ap.o
                0x000000000800022e                apMain
 *fill*         0x000000000800023e        0x2 
 .text.bspInit  0x0000000008000240       0x34 src/bsp/bsp.o
                0x0000000008000240                bspInit
 .text.delay_ms
                0x0000000008000274       0x18 src/bsp/bsp.o
                0x0000000008000274                delay_ms
 .text.SystemClock_Config
                0x000000000800028c       0xbc src/bsp/bsp.o
                0x000000000800028c                SystemClock_Config
 .text.Error_Handler
                0x0000000008000348        0xa src/bsp/bsp.o
                0x0000000008000348                Error_Handler
 *fill*         0x0000000008000352        0x2 
 .text.HAL_MspInit
                0x0000000008000354       0x50 src/bsp/stm32g0xx_hal_msp.o
                0x0000000008000354                HAL_MspInit
 .text.NMI_Handler
                0x00000000080003a4        0x6 src/bsp/stm32g0xx_it.o
                0x00000000080003a4                NMI_Handler
 .text.HardFault_Handler
                0x00000000080003aa        0x6 src/bsp/stm32g0xx_it.o
                0x00000000080003aa                HardFault_Handler
 .text.SVC_Handler
                0x00000000080003b0        0xa src/bsp/stm32g0xx_it.o
                0x00000000080003b0                SVC_Handler
 .text.PendSV_Handler
                0x00000000080003ba        0xa src/bsp/stm32g0xx_it.o
                0x00000000080003ba                PendSV_Handler
 .text.SysTick_Handler
                0x00000000080003c4        0xe src/bsp/stm32g0xx_it.o
                0x00000000080003c4                SysTick_Handler
 *fill*         0x00000000080003d2        0x2 
 .text.SystemInit
                0x00000000080003d4       0x18 src/bsp/system_stm32g0xx.o
                0x00000000080003d4                SystemInit
 .text.Reset_Handler
                0x00000000080003ec       0x50 src/bsp/startup/startup_stm32g071rbtx.o
                0x00000000080003ec                Reset_Handler
 .text.Default_Handler
                0x000000000800043c        0x2 src/bsp/startup/startup_stm32g071rbtx.o
                0x000000000800043c                USART3_4_LPUART1_IRQHandler
                0x000000000800043c                TIM1_CC_IRQHandler
                0x000000000800043c                ADC1_COMP_IRQHandler
                0x000000000800043c                PVD_IRQHandler
                0x000000000800043c                I2C1_IRQHandler
                0x000000000800043c                TIM7_LPTIM2_IRQHandler
                0x000000000800043c                RTC_TAMP_IRQHandler
                0x000000000800043c                SPI1_IRQHandler
                0x000000000800043c                EXTI2_3_IRQHandler
                0x000000000800043c                I2C2_IRQHandler
                0x000000000800043c                TIM17_IRQHandler
                0x000000000800043c                TIM16_IRQHandler
                0x000000000800043c                TIM3_IRQHandler
                0x000000000800043c                EXTI4_15_IRQHandler
                0x000000000800043c                RCC_IRQHandler
                0x000000000800043c                DMA1_Channel1_IRQHandler
                0x000000000800043c                Default_Handler
                0x000000000800043c                CEC_IRQHandler
                0x000000000800043c                TIM14_IRQHandler
                0x000000000800043c                TIM15_IRQHandler
                0x000000000800043c                EXTI0_1_IRQHandler
                0x000000000800043c                SPI2_IRQHandler
                0x000000000800043c                TIM6_DAC_LPTIM1_IRQHandler
                0x000000000800043c                WWDG_IRQHandler
                0x000000000800043c                TIM2_IRQHandler
                0x000000000800043c                DMA1_Ch4_7_DMAMUX1_OVR_IRQHandler
                0x000000000800043c                DMA1_Channel2_3_IRQHandler
                0x000000000800043c                UCPD1_2_IRQHandler
                0x000000000800043c                USART2_IRQHandler
                0x000000000800043c                FLASH_IRQHandler
                0x000000000800043c                USART1_IRQHandler
                0x000000000800043c                TIM1_BRK_UP_TRG_COM_IRQHandler
 *fill*         0x000000000800043e        0x2 
 .text.gpio_Init
                0x0000000008000440       0x68 src/hw/dirver/gpio.o
                0x0000000008000440                gpio_Init
 .text.gpio_PinMode
                0x00000000080004a8       0xe8 src/hw/dirver/gpio.o
                0x00000000080004a8                gpio_PinMode
 .text.gpio_PinWrite
                0x0000000008000590       0xb8 src/hw/dirver/gpio.o
                0x0000000008000590                gpio_PinWrite
 .text.MX_I2C1_Init
                0x0000000008000648       0x80 src/hw/dirver/i2c.o
                0x0000000008000648                MX_I2C1_Init
 .text.HAL_I2C_MspInit
                0x00000000080006c8       0xc4 src/hw/dirver/i2c.o
                0x00000000080006c8                HAL_I2C_MspInit
 .text.ssd1312_WriteCommand
                0x000000000800078c       0x40 src/hw/dirver/ssd1312_command.o
                0x000000000800078c                ssd1312_WriteCommand
 .text.ssd1312_WriteData
                0x00000000080007cc       0x34 src/hw/dirver/ssd1312_command.o
                0x00000000080007cc                ssd1312_WriteData
 .text.ssd1312_Init
                0x0000000008000800       0x8e src/hw/dirver/ssd1312_command.o
                0x0000000008000800                ssd1312_Init
 .text.ssd1312_Clear
                0x000000000800088e       0x66 src/hw/dirver/ssd1312_command.o
                0x000000000800088e                ssd1312_Clear
 .text.ssd1312_FlushBufferToScreen
                0x00000000080008f4       0x5c src/hw/dirver/ssd1312_command.o
                0x00000000080008f4                ssd1312_FlushBufferToScreen
 .text.ssd1312_DrawPixel
                0x0000000008000950       0xb8 src/hw/dirver/ssd1312_draw.o
                0x0000000008000950                ssd1312_DrawPixel
 .text.ssd1312_DrawFillPage
                0x0000000008000a08       0x58 src/hw/dirver/ssd1312_draw.o
                0x0000000008000a08                ssd1312_DrawFillPage
 .text.hwInit   0x0000000008000a60       0x1a src/hw/hw.o
                0x0000000008000a60                hwInit
 *fill*         0x0000000008000a7a        0x2 
 .text.HAL_Init
                0x0000000008000a7c       0x40 src/lib/stm32g071rbt6_oled_cube/Drivers/STM32G0xx_HAL_Driver/Src/stm32g0xx_hal.o
                0x0000000008000a7c                HAL_Init
 .text.HAL_InitTick
                0x0000000008000abc       0x94 src/lib/stm32g071rbt6_oled_cube/Drivers/STM32G0xx_HAL_Driver/Src/stm32g0xx_hal.o
                0x0000000008000abc                HAL_InitTick
 .text.HAL_IncTick
                0x0000000008000b50       0x24 src/lib/stm32g071rbt6_oled_cube/Drivers/STM32G0xx_HAL_Driver/Src/stm32g0xx_hal.o
                0x0000000008000b50                HAL_IncTick
 .text.HAL_GetTick
                0x0000000008000b74       0x14 src/lib/stm32g071rbt6_oled_cube/Drivers/STM32G0xx_HAL_Driver/Src/stm32g0xx_hal.o
                0x0000000008000b74                HAL_GetTick
 .text.HAL_Delay
                0x0000000008000b88       0x48 src/lib/stm32g071rbt6_oled_cube/Drivers/STM32G0xx_HAL_Driver/Src/stm32g0xx_hal.o
                0x0000000008000b88                HAL_Delay
 .text.HAL_SYSCFG_StrobeDBattpinsConfig
                0x0000000008000bd0       0x2c src/lib/stm32g071rbt6_oled_cube/Drivers/STM32G0xx_HAL_Driver/Src/stm32g0xx_hal.o
                0x0000000008000bd0                HAL_SYSCFG_StrobeDBattpinsConfig
 .text.__NVIC_SetPriority
                0x0000000008000bfc       0xdc src/lib/stm32g071rbt6_oled_cube/Drivers/STM32G0xx_HAL_Driver/Src/stm32g0xx_hal_cortex.o
 .text.SysTick_Config
                0x0000000008000cd8       0x48 src/lib/stm32g071rbt6_oled_cube/Drivers/STM32G0xx_HAL_Driver/Src/stm32g0xx_hal_cortex.o
 .text.HAL_NVIC_SetPriority
                0x0000000008000d20       0x2a src/lib/stm32g071rbt6_oled_cube/Drivers/STM32G0xx_HAL_Driver/Src/stm32g0xx_hal_cortex.o
                0x0000000008000d20                HAL_NVIC_SetPriority
 .text.HAL_SYSTICK_Config
                0x0000000008000d4a       0x1a src/lib/stm32g071rbt6_oled_cube/Drivers/STM32G0xx_HAL_Driver/Src/stm32g0xx_hal_cortex.o
                0x0000000008000d4a                HAL_SYSTICK_Config
 .text.HAL_GPIO_Init
                0x0000000008000d64      0x2c8 src/lib/stm32g071rbt6_oled_cube/Drivers/STM32G0xx_HAL_Driver/Src/stm32g0xx_hal_gpio.o
                0x0000000008000d64                HAL_GPIO_Init
 .text.HAL_GPIO_WritePin
                0x000000000800102c       0x3a src/lib/stm32g071rbt6_oled_cube/Drivers/STM32G0xx_HAL_Driver/Src/stm32g0xx_hal_gpio.o
                0x000000000800102c                HAL_GPIO_WritePin
 *fill*         0x0000000008001066        0x2 
 .text.HAL_I2C_Init
                0x0000000008001068      0x12c src/lib/stm32g071rbt6_oled_cube/Drivers/STM32G0xx_HAL_Driver/Src/stm32g0xx_hal_i2c.o
                0x0000000008001068                HAL_I2C_Init
 .text.HAL_I2C_Master_Transmit
                0x0000000008001194      0x210 src/lib/stm32g071rbt6_oled_cube/Drivers/STM32G0xx_HAL_Driver/Src/stm32g0xx_hal_i2c.o
                0x0000000008001194                HAL_I2C_Master_Transmit
 .text.HAL_I2C_Mem_Write
                0x00000000080013a4      0x25c src/lib/stm32g071rbt6_oled_cube/Drivers/STM32G0xx_HAL_Driver/Src/stm32g0xx_hal_i2c.o
                0x00000000080013a4                HAL_I2C_Mem_Write
 .text.I2C_RequestMemoryWrite
                0x0000000008001600       0xc8 src/lib/stm32g071rbt6_oled_cube/Drivers/STM32G0xx_HAL_Driver/Src/stm32g0xx_hal_i2c.o
 .text.I2C_Flush_TXDR
                0x00000000080016c8       0x44 src/lib/stm32g071rbt6_oled_cube/Drivers/STM32G0xx_HAL_Driver/Src/stm32g0xx_hal_i2c.o
 .text.I2C_WaitOnFlagUntilTimeout
                0x000000000800170c       0x7e src/lib/stm32g071rbt6_oled_cube/Drivers/STM32G0xx_HAL_Driver/Src/stm32g0xx_hal_i2c.o
 .text.I2C_WaitOnTXISFlagUntilTimeout
                0x000000000800178a       0x7e src/lib/stm32g071rbt6_oled_cube/Drivers/STM32G0xx_HAL_Driver/Src/stm32g0xx_hal_i2c.o
 .text.I2C_WaitOnSTOPFlagUntilTimeout
                0x0000000008001808       0x78 src/lib/stm32g071rbt6_oled_cube/Drivers/STM32G0xx_HAL_Driver/Src/stm32g0xx_hal_i2c.o
 .text.I2C_IsErrorOccurred
                0x0000000008001880      0x200 src/lib/stm32g071rbt6_oled_cube/Drivers/STM32G0xx_HAL_Driver/Src/stm32g0xx_hal_i2c.o
 .text.I2C_TransferConfig
                0x0000000008001a80       0x74 src/lib/stm32g071rbt6_oled_cube/Drivers/STM32G0xx_HAL_Driver/Src/stm32g0xx_hal_i2c.o
 .text.HAL_I2CEx_ConfigAnalogFilter
                0x0000000008001af4       0x98 src/lib/stm32g071rbt6_oled_cube/Drivers/STM32G0xx_HAL_Driver/Src/stm32g0xx_hal_i2c_ex.o
                0x0000000008001af4                HAL_I2CEx_ConfigAnalogFilter
 .text.HAL_I2CEx_ConfigDigitalFilter
                0x0000000008001b8c       0x98 src/lib/stm32g071rbt6_oled_cube/Drivers/STM32G0xx_HAL_Driver/Src/stm32g0xx_hal_i2c_ex.o
                0x0000000008001b8c                HAL_I2CEx_ConfigDigitalFilter
 .text.HAL_PWREx_ControlVoltageScaling
                0x0000000008001c24       0x80 src/lib/stm32g071rbt6_oled_cube/Drivers/STM32G0xx_HAL_Driver/Src/stm32g0xx_hal_pwr_ex.o
                0x0000000008001c24                HAL_PWREx_ControlVoltageScaling
 .text.HAL_RCC_OscConfig
                0x0000000008001ca4      0x634 src/lib/stm32g071rbt6_oled_cube/Drivers/STM32G0xx_HAL_Driver/Src/stm32g0xx_hal_rcc.o
                0x0000000008001ca4                HAL_RCC_OscConfig
 .text.HAL_RCC_ClockConfig
                0x00000000080022d8      0x210 src/lib/stm32g071rbt6_oled_cube/Drivers/STM32G0xx_HAL_Driver/Src/stm32g0xx_hal_rcc.o
                0x00000000080022d8                HAL_RCC_ClockConfig
 .text.HAL_RCC_GetSysClockFreq
                0x00000000080024e8      0x104 src/lib/stm32g071rbt6_oled_cube/Drivers/STM32G0xx_HAL_Driver/Src/stm32g0xx_hal_rcc.o
                0x00000000080024e8                HAL_RCC_GetSysClockFreq
 .text.HAL_RCCEx_PeriphCLKConfig
                0x00000000080025ec      0x370 src/lib/stm32g071rbt6_oled_cube/Drivers/STM32G0xx_HAL_Driver/Src/stm32g0xx_hal_rcc_ex.o
                0x00000000080025ec                HAL_RCCEx_PeriphCLKConfig
 .text.main     0x000000000800295c       0x18 src/main.o
                0x000000000800295c                main
 .text.__libc_init_array
                0x0000000008002974       0x48 d:/stm32cubeide_1.6.0/stm32cubeide/plugins/com.st.stm32cube.ide.mcu.externaltools.gnu-tools-for-stm32.9-2020-q2-update.win32_1.5.0.202011040924/tools/bin/../lib/gcc/arm-none-eabi/9.3.1/../../../../arm-none-eabi/lib/thumb/v6-m/nofp\libc_nano.a(lib_a-init.o)
                0x0000000008002974                __libc_init_array
 .text.memset   0x00000000080029bc       0x10 d:/stm32cubeide_1.6.0/stm32cubeide/plugins/com.st.stm32cube.ide.mcu.externaltools.gnu-tools-for-stm32.9-2020-q2-update.win32_1.5.0.202011040924/tools/bin/../lib/gcc/arm-none-eabi/9.3.1/../../../../arm-none-eabi/lib/thumb/v6-m/nofp\libc_nano.a(lib_a-memset.o)
                0x00000000080029bc                memset
 *(.glue_7)
 .glue_7        0x00000000080029cc        0x0 linker stubs
 *(.glue_7t)
 .glue_7t       0x00000000080029cc        0x0 linker stubs
 *(.eh_frame)
 .eh_frame      0x00000000080029cc        0x0 d:/stm32cubeide_1.6.0/stm32cubeide/plugins/com.st.stm32cube.ide.mcu.externaltools.gnu-tools-for-stm32.9-2020-q2-update.win32_1.5.0.202011040924/tools/bin/../lib/gcc/arm-none-eabi/9.3.1/thumb/v6-m/nofp/crtbegin.o
 *(.init)
 .init          0x00000000080029cc        0x4 d:/stm32cubeide_1.6.0/stm32cubeide/plugins/com.st.stm32cube.ide.mcu.externaltools.gnu-tools-for-stm32.9-2020-q2-update.win32_1.5.0.202011040924/tools/bin/../lib/gcc/arm-none-eabi/9.3.1/thumb/v6-m/nofp/crti.o
                0x00000000080029cc                _init
 .init          0x00000000080029d0        0x8 d:/stm32cubeide_1.6.0/stm32cubeide/plugins/com.st.stm32cube.ide.mcu.externaltools.gnu-tools-for-stm32.9-2020-q2-update.win32_1.5.0.202011040924/tools/bin/../lib/gcc/arm-none-eabi/9.3.1/thumb/v6-m/nofp/crtn.o
 *(.fini)
 .fini          0x00000000080029d8        0x4 d:/stm32cubeide_1.6.0/stm32cubeide/plugins/com.st.stm32cube.ide.mcu.externaltools.gnu-tools-for-stm32.9-2020-q2-update.win32_1.5.0.202011040924/tools/bin/../lib/gcc/arm-none-eabi/9.3.1/thumb/v6-m/nofp/crti.o
                0x00000000080029d8                _fini
 .fini          0x00000000080029dc        0x8 d:/stm32cubeide_1.6.0/stm32cubeide/plugins/com.st.stm32cube.ide.mcu.externaltools.gnu-tools-for-stm32.9-2020-q2-update.win32_1.5.0.202011040924/tools/bin/../lib/gcc/arm-none-eabi/9.3.1/thumb/v6-m/nofp/crtn.o
                0x00000000080029e4                . = ALIGN (0x4)
                0x00000000080029e4                _etext = .

.vfp11_veneer   0x00000000080029e4        0x0
 .vfp11_veneer  0x00000000080029e4        0x0 linker stubs

.v4_bx          0x00000000080029e4        0x0
 .v4_bx         0x00000000080029e4        0x0 linker stubs

.iplt           0x00000000080029e4        0x0
 .iplt          0x00000000080029e4        0x0 d:/stm32cubeide_1.6.0/stm32cubeide/plugins/com.st.stm32cube.ide.mcu.externaltools.gnu-tools-for-stm32.9-2020-q2-update.win32_1.5.0.202011040924/tools/bin/../lib/gcc/arm-none-eabi/9.3.1/thumb/v6-m/nofp/crtbegin.o

.rodata         0x00000000080029e4       0x58
                0x00000000080029e4                . = ALIGN (0x4)
 *(.rodata)
 *(.rodata*)
 .rodata.AHBPrescTable
                0x00000000080029e4       0x40 src/bsp/system_stm32g0xx.o
                0x00000000080029e4                AHBPrescTable
 .rodata.gpio_PinMode
                0x0000000008002a24       0x18 src/hw/dirver/gpio.o
                0x0000000008002a3c                . = ALIGN (0x4)

.rel.dyn        0x0000000008002a3c        0x0
 .rel.iplt      0x0000000008002a3c        0x0 d:/stm32cubeide_1.6.0/stm32cubeide/plugins/com.st.stm32cube.ide.mcu.externaltools.gnu-tools-for-stm32.9-2020-q2-update.win32_1.5.0.202011040924/tools/bin/../lib/gcc/arm-none-eabi/9.3.1/thumb/v6-m/nofp/crtbegin.o

.ARM.extab      0x0000000008002a3c        0x0
                0x0000000008002a3c                . = ALIGN (0x4)
 *(.ARM.extab* .gnu.linkonce.armextab.*)
                0x0000000008002a3c                . = ALIGN (0x4)

.ARM            0x0000000008002a3c        0x0
                0x0000000008002a3c                . = ALIGN (0x4)
                0x0000000008002a3c                __exidx_start = .
 *(.ARM.exidx*)
                0x0000000008002a3c                __exidx_end = .
                0x0000000008002a3c                . = ALIGN (0x4)

.preinit_array  0x0000000008002a3c        0x0
                0x0000000008002a3c                . = ALIGN (0x4)
                0x0000000008002a3c                PROVIDE (__preinit_array_start = .)
 *(.preinit_array*)
                0x0000000008002a3c                PROVIDE (__preinit_array_end = .)
                0x0000000008002a3c                . = ALIGN (0x4)

.init_array     0x0000000008002a3c        0x4
                0x0000000008002a3c                . = ALIGN (0x4)
                0x0000000008002a3c                PROVIDE (__init_array_start = .)
 *(SORT_BY_NAME(.init_array.*))
 *(.init_array*)
 .init_array    0x0000000008002a3c        0x4 d:/stm32cubeide_1.6.0/stm32cubeide/plugins/com.st.stm32cube.ide.mcu.externaltools.gnu-tools-for-stm32.9-2020-q2-update.win32_1.5.0.202011040924/tools/bin/../lib/gcc/arm-none-eabi/9.3.1/thumb/v6-m/nofp/crtbegin.o
                0x0000000008002a40                PROVIDE (__init_array_end = .)
                0x0000000008002a40                . = ALIGN (0x4)

.fini_array     0x0000000008002a40        0x4
                0x0000000008002a40                . = ALIGN (0x4)
                [!provide]                        PROVIDE (__fini_array_start = .)
 *(SORT_BY_NAME(.fini_array.*))
 *(.fini_array*)
 .fini_array    0x0000000008002a40        0x4 d:/stm32cubeide_1.6.0/stm32cubeide/plugins/com.st.stm32cube.ide.mcu.externaltools.gnu-tools-for-stm32.9-2020-q2-update.win32_1.5.0.202011040924/tools/bin/../lib/gcc/arm-none-eabi/9.3.1/thumb/v6-m/nofp/crtbegin.o
                [!provide]                        PROVIDE (__fini_array_end = .)
                0x0000000008002a44                . = ALIGN (0x4)
                0x0000000008002a44                _sidata = LOADADDR (.data)

.data           0x0000000020000000       0x18 load address 0x0000000008002a44
                0x0000000020000000                . = ALIGN (0x4)
                0x0000000020000000                _sdata = .
 *(.data)
 *(.data*)
 .data.SystemCoreClock
                0x0000000020000000        0x4 src/bsp/system_stm32g0xx.o
                0x0000000020000000                SystemCoreClock
 .data.gpio_tbl
                0x0000000020000004        0xc src/hw/dirver/gpio.o
                0x0000000020000004                gpio_tbl
 .data.uwTickPrio
                0x0000000020000010        0x4 src/lib/stm32g071rbt6_oled_cube/Drivers/STM32G0xx_HAL_Driver/Src/stm32g0xx_hal.o
                0x0000000020000010                uwTickPrio
 .data.uwTickFreq
                0x0000000020000014        0x1 src/lib/stm32g071rbt6_oled_cube/Drivers/STM32G0xx_HAL_Driver/Src/stm32g0xx_hal.o
                0x0000000020000014                uwTickFreq
 *(.RamFunc)
 *(.RamFunc*)
                0x0000000020000018                . = ALIGN (0x4)
 *fill*         0x0000000020000015        0x3 
                0x0000000020000018                _edata = .

.igot.plt       0x0000000020000018        0x0 load address 0x0000000008002a5c
 .igot.plt      0x0000000020000018        0x0 d:/stm32cubeide_1.6.0/stm32cubeide/plugins/com.st.stm32cube.ide.mcu.externaltools.gnu-tools-for-stm32.9-2020-q2-update.win32_1.5.0.202011040924/tools/bin/../lib/gcc/arm-none-eabi/9.3.1/thumb/v6-m/nofp/crtbegin.o
                0x0000000020000018                . = ALIGN (0x4)

.bss            0x0000000020000018      0x474 load address 0x0000000008002a5c
                0x0000000020000018                _sbss = .
                0x0000000020000018                __bss_start__ = _sbss
 *(.bss)
 .bss           0x0000000020000018       0x1c d:/stm32cubeide_1.6.0/stm32cubeide/plugins/com.st.stm32cube.ide.mcu.externaltools.gnu-tools-for-stm32.9-2020-q2-update.win32_1.5.0.202011040924/tools/bin/../lib/gcc/arm-none-eabi/9.3.1/thumb/v6-m/nofp/crtbegin.o
 *(.bss*)
 *(COMMON)
 COMMON         0x0000000020000034      0x400 src/ap/ap.o
                0x0000000020000034                SSD1312_Buffer
 COMMON         0x0000000020000434       0x54 src/hw/dirver/i2c.o
                0x0000000020000434                hi2c1
 COMMON         0x0000000020000488        0x4 src/lib/stm32g071rbt6_oled_cube/Drivers/STM32G0xx_HAL_Driver/Src/stm32g0xx_hal.o
                0x0000000020000488                uwTick
                0x000000002000048c                . = ALIGN (0x4)
                0x000000002000048c                _ebss = .
                0x000000002000048c                __bss_end__ = _ebss

._user_heap_stack
                0x000000002000048c      0x604 load address 0x0000000008002a5c
                0x0000000020000490                . = ALIGN (0x8)
 *fill*         0x000000002000048c        0x4 
                [!provide]                        PROVIDE (end = .)
                0x0000000020000490                PROVIDE (_end = .)
                0x0000000020000690                . = (. + _Min_Heap_Size)
 *fill*         0x0000000020000490      0x200 
                0x0000000020000a90                . = (. + _Min_Stack_Size)
 *fill*         0x0000000020000690      0x400 
                0x0000000020000a90                . = ALIGN (0x8)

/DISCARD/
 libc.a(*)
 libm.a(*)
 libgcc.a(*)

.ARM.attributes
                0x0000000000000000       0x28
 *(.ARM.attributes)
 .ARM.attributes
                0x0000000000000000       0x1e d:/stm32cubeide_1.6.0/stm32cubeide/plugins/com.st.stm32cube.ide.mcu.externaltools.gnu-tools-for-stm32.9-2020-q2-update.win32_1.5.0.202011040924/tools/bin/../lib/gcc/arm-none-eabi/9.3.1/thumb/v6-m/nofp/crti.o
 .ARM.attributes
                0x000000000000001e       0x2c d:/stm32cubeide_1.6.0/stm32cubeide/plugins/com.st.stm32cube.ide.mcu.externaltools.gnu-tools-for-stm32.9-2020-q2-update.win32_1.5.0.202011040924/tools/bin/../lib/gcc/arm-none-eabi/9.3.1/thumb/v6-m/nofp/crtbegin.o
 .ARM.attributes
                0x000000000000004a       0x2c src/ap/ap.o
 .ARM.attributes
                0x0000000000000076       0x2c src/bsp/bsp.o
 .ARM.attributes
                0x00000000000000a2       0x2c src/bsp/stm32g0xx_hal_msp.o
 .ARM.attributes
                0x00000000000000ce       0x2c src/bsp/stm32g0xx_it.o
 .ARM.attributes
                0x00000000000000fa       0x2c src/bsp/system_stm32g0xx.o
 .ARM.attributes
                0x0000000000000126       0x22 src/bsp/startup/startup_stm32g071rbtx.o
 .ARM.attributes
                0x0000000000000148       0x2c src/hw/dirver/gpio.o
 .ARM.attributes
                0x0000000000000174       0x2c src/hw/dirver/i2c.o
 .ARM.attributes
                0x00000000000001a0       0x2c src/hw/dirver/ssd1312_command.o
 .ARM.attributes
                0x00000000000001cc       0x2c src/hw/dirver/ssd1312_draw.o
 .ARM.attributes
                0x00000000000001f8       0x2c src/hw/hw.o
 .ARM.attributes
                0x0000000000000224       0x2c src/lib/stm32g071rbt6_oled_cube/Drivers/STM32G0xx_HAL_Driver/Src/stm32g0xx_hal.o
 .ARM.attributes
                0x0000000000000250       0x2c src/lib/stm32g071rbt6_oled_cube/Drivers/STM32G0xx_HAL_Driver/Src/stm32g0xx_hal_cortex.o
 .ARM.attributes
                0x000000000000027c       0x2c src/lib/stm32g071rbt6_oled_cube/Drivers/STM32G0xx_HAL_Driver/Src/stm32g0xx_hal_gpio.o
 .ARM.attributes
                0x00000000000002a8       0x2c src/lib/stm32g071rbt6_oled_cube/Drivers/STM32G0xx_HAL_Driver/Src/stm32g0xx_hal_i2c.o
 .ARM.attributes
                0x00000000000002d4       0x2c src/lib/stm32g071rbt6_oled_cube/Drivers/STM32G0xx_HAL_Driver/Src/stm32g0xx_hal_i2c_ex.o
 .ARM.attributes
                0x0000000000000300       0x2c src/lib/stm32g071rbt6_oled_cube/Drivers/STM32G0xx_HAL_Driver/Src/stm32g0xx_hal_pwr_ex.o
 .ARM.attributes
                0x000000000000032c       0x2c src/lib/stm32g071rbt6_oled_cube/Drivers/STM32G0xx_HAL_Driver/Src/stm32g0xx_hal_rcc.o
 .ARM.attributes
                0x0000000000000358       0x2c src/lib/stm32g071rbt6_oled_cube/Drivers/STM32G0xx_HAL_Driver/Src/stm32g0xx_hal_rcc_ex.o
 .ARM.attributes
                0x0000000000000384       0x2c src/main.o
 .ARM.attributes
                0x00000000000003b0       0x2c d:/stm32cubeide_1.6.0/stm32cubeide/plugins/com.st.stm32cube.ide.mcu.externaltools.gnu-tools-for-stm32.9-2020-q2-update.win32_1.5.0.202011040924/tools/bin/../lib/gcc/arm-none-eabi/9.3.1/../../../../arm-none-eabi/lib/thumb/v6-m/nofp\libc_nano.a(lib_a-init.o)
 .ARM.attributes
                0x00000000000003dc       0x2c d:/stm32cubeide_1.6.0/stm32cubeide/plugins/com.st.stm32cube.ide.mcu.externaltools.gnu-tools-for-stm32.9-2020-q2-update.win32_1.5.0.202011040924/tools/bin/../lib/gcc/arm-none-eabi/9.3.1/../../../../arm-none-eabi/lib/thumb/v6-m/nofp\libc_nano.a(lib_a-memset.o)
 .ARM.attributes
                0x0000000000000408       0x1e d:/stm32cubeide_1.6.0/stm32cubeide/plugins/com.st.stm32cube.ide.mcu.externaltools.gnu-tools-for-stm32.9-2020-q2-update.win32_1.5.0.202011040924/tools/bin/../lib/gcc/arm-none-eabi/9.3.1/thumb/v6-m/nofp\libgcc.a(_udivsi3.o)
 .ARM.attributes
                0x0000000000000426       0x1e d:/stm32cubeide_1.6.0/stm32cubeide/plugins/com.st.stm32cube.ide.mcu.externaltools.gnu-tools-for-stm32.9-2020-q2-update.win32_1.5.0.202011040924/tools/bin/../lib/gcc/arm-none-eabi/9.3.1/thumb/v6-m/nofp\libgcc.a(_dvmd_tls.o)
 .ARM.attributes
                0x0000000000000444       0x1e d:/stm32cubeide_1.6.0/stm32cubeide/plugins/com.st.stm32cube.ide.mcu.externaltools.gnu-tools-for-stm32.9-2020-q2-update.win32_1.5.0.202011040924/tools/bin/../lib/gcc/arm-none-eabi/9.3.1/thumb/v6-m/nofp/crtn.o
OUTPUT(stm32g071rbt6_oled.elf elf32-littlearm)
LOAD linker stubs
LOAD d:/stm32cubeide_1.6.0/stm32cubeide/plugins/com.st.stm32cube.ide.mcu.externaltools.gnu-tools-for-stm32.9-2020-q2-update.win32_1.5.0.202011040924/tools/bin/../lib/gcc/arm-none-eabi/9.3.1/../../../../arm-none-eabi/lib/thumb/v6-m/nofp\libc.a
LOAD d:/stm32cubeide_1.6.0/stm32cubeide/plugins/com.st.stm32cube.ide.mcu.externaltools.gnu-tools-for-stm32.9-2020-q2-update.win32_1.5.0.202011040924/tools/bin/../lib/gcc/arm-none-eabi/9.3.1/../../../../arm-none-eabi/lib/thumb/v6-m/nofp\libm.a
LOAD d:/stm32cubeide_1.6.0/stm32cubeide/plugins/com.st.stm32cube.ide.mcu.externaltools.gnu-tools-for-stm32.9-2020-q2-update.win32_1.5.0.202011040924/tools/bin/../lib/gcc/arm-none-eabi/9.3.1/thumb/v6-m/nofp\libgcc.a

.debug_info     0x0000000000000000    0x1222a
 .debug_info    0x0000000000000000     0x11ba src/ap/ap.o
 .debug_info    0x00000000000011ba      0xef2 src/bsp/bsp.o
 .debug_info    0x00000000000020ac     0x1354 src/bsp/stm32g0xx_hal_msp.o
 .debug_info    0x0000000000003400     0x11f0 src/bsp/stm32g0xx_it.o
 .debug_info    0x00000000000045f0      0x3b2 src/bsp/system_stm32g0xx.o
 .debug_info    0x00000000000049a2       0x22 src/bsp/startup/startup_stm32g071rbtx.o
 .debug_info    0x00000000000049c4      0xdde src/hw/dirver/gpio.o
 .debug_info    0x00000000000057a2     0x151a src/hw/dirver/i2c.o
 .debug_info    0x0000000000006cbc     0x1304 src/hw/dirver/ssd1312_command.o
 .debug_info    0x0000000000007fc0     0x13ab src/hw/dirver/ssd1312_draw.o
 .debug_info    0x000000000000936b     0x11a8 src/hw/hw.o
 .debug_info    0x000000000000a513      0xb33 src/lib/stm32g071rbt6_oled_cube/Drivers/STM32G0xx_HAL_Driver/Src/stm32g0xx_hal.o
 .debug_info    0x000000000000b046      0xa5f src/lib/stm32g071rbt6_oled_cube/Drivers/STM32G0xx_HAL_Driver/Src/stm32g0xx_hal_cortex.o
 .debug_info    0x000000000000baa5      0x771 src/lib/stm32g071rbt6_oled_cube/Drivers/STM32G0xx_HAL_Driver/Src/stm32g0xx_hal_gpio.o
 .debug_info    0x000000000000c216     0x2435 src/lib/stm32g071rbt6_oled_cube/Drivers/STM32G0xx_HAL_Driver/Src/stm32g0xx_hal_i2c.o
 .debug_info    0x000000000000e64b      0xbb8 src/lib/stm32g071rbt6_oled_cube/Drivers/STM32G0xx_HAL_Driver/Src/stm32g0xx_hal_i2c_ex.o
 .debug_info    0x000000000000f203      0x947 src/lib/stm32g071rbt6_oled_cube/Drivers/STM32G0xx_HAL_Driver/Src/stm32g0xx_hal_pwr_ex.o
 .debug_info    0x000000000000fb4a      0xc14 src/lib/stm32g071rbt6_oled_cube/Drivers/STM32G0xx_HAL_Driver/Src/stm32g0xx_hal_rcc.o
 .debug_info    0x000000000001075e      0x920 src/lib/stm32g071rbt6_oled_cube/Drivers/STM32G0xx_HAL_Driver/Src/stm32g0xx_hal_rcc_ex.o
 .debug_info    0x000000000001107e     0x11ac src/main.o

.debug_abbrev   0x0000000000000000     0x28d4
 .debug_abbrev  0x0000000000000000      0x1f3 src/ap/ap.o
 .debug_abbrev  0x00000000000001f3      0x258 src/bsp/bsp.o
 .debug_abbrev  0x000000000000044b      0x207 src/bsp/stm32g0xx_hal_msp.o
 .debug_abbrev  0x0000000000000652      0x20d src/bsp/stm32g0xx_it.o
 .debug_abbrev  0x000000000000085f      0x116 src/bsp/system_stm32g0xx.o
 .debug_abbrev  0x0000000000000975       0x12 src/bsp/startup/startup_stm32g071rbtx.o
 .debug_abbrev  0x0000000000000987      0x262 src/hw/dirver/gpio.o
 .debug_abbrev  0x0000000000000be9      0x227 src/hw/dirver/i2c.o
 .debug_abbrev  0x0000000000000e10      0x252 src/hw/dirver/ssd1312_command.o
 .debug_abbrev  0x0000000000001062      0x25f src/hw/dirver/ssd1312_draw.o
 .debug_abbrev  0x00000000000012c1      0x1f3 src/hw/hw.o
 .debug_abbrev  0x00000000000014b4      0x276 src/lib/stm32g071rbt6_oled_cube/Drivers/STM32G0xx_HAL_Driver/Src/stm32g0xx_hal.o
 .debug_abbrev  0x000000000000172a      0x2c5 src/lib/stm32g071rbt6_oled_cube/Drivers/STM32G0xx_HAL_Driver/Src/stm32g0xx_hal_cortex.o
 .debug_abbrev  0x00000000000019ef      0x1df src/lib/stm32g071rbt6_oled_cube/Drivers/STM32G0xx_HAL_Driver/Src/stm32g0xx_hal_gpio.o
 .debug_abbrev  0x0000000000001bce      0x278 src/lib/stm32g071rbt6_oled_cube/Drivers/STM32G0xx_HAL_Driver/Src/stm32g0xx_hal_i2c.o
 .debug_abbrev  0x0000000000001e46      0x1fd src/lib/stm32g071rbt6_oled_cube/Drivers/STM32G0xx_HAL_Driver/Src/stm32g0xx_hal_i2c_ex.o
 .debug_abbrev  0x0000000000002043      0x245 src/lib/stm32g071rbt6_oled_cube/Drivers/STM32G0xx_HAL_Driver/Src/stm32g0xx_hal_pwr_ex.o
 .debug_abbrev  0x0000000000002288      0x25b src/lib/stm32g071rbt6_oled_cube/Drivers/STM32G0xx_HAL_Driver/Src/stm32g0xx_hal_rcc.o
 .debug_abbrev  0x00000000000024e3      0x1fc src/lib/stm32g071rbt6_oled_cube/Drivers/STM32G0xx_HAL_Driver/Src/stm32g0xx_hal_rcc_ex.o
 .debug_abbrev  0x00000000000026df      0x1f5 src/main.o

.debug_aranges  0x0000000000000000      0x980
 .debug_aranges
                0x0000000000000000       0x28 src/ap/ap.o
 .debug_aranges
                0x0000000000000028       0x48 src/bsp/bsp.o
 .debug_aranges
                0x0000000000000070       0x20 src/bsp/stm32g0xx_hal_msp.o
 .debug_aranges
                0x0000000000000090       0x40 src/bsp/stm32g0xx_it.o
 .debug_aranges
                0x00000000000000d0       0x28 src/bsp/system_stm32g0xx.o
 .debug_aranges
                0x00000000000000f8       0x28 src/bsp/startup/startup_stm32g071rbtx.o
 .debug_aranges
                0x0000000000000120       0x40 src/hw/dirver/gpio.o
 .debug_aranges
                0x0000000000000160       0x30 src/hw/dirver/i2c.o
 .debug_aranges
                0x0000000000000190       0x60 src/hw/dirver/ssd1312_command.o
 .debug_aranges
                0x00000000000001f0       0x40 src/hw/dirver/ssd1312_draw.o
 .debug_aranges
                0x0000000000000230       0x20 src/hw/hw.o
 .debug_aranges
                0x0000000000000250      0x120 src/lib/stm32g071rbt6_oled_cube/Drivers/STM32G0xx_HAL_Driver/Src/stm32g0xx_hal.o
 .debug_aranges
                0x0000000000000370       0xd8 src/lib/stm32g071rbt6_oled_cube/Drivers/STM32G0xx_HAL_Driver/Src/stm32g0xx_hal_cortex.o
 .debug_aranges
                0x0000000000000448       0x60 src/lib/stm32g071rbt6_oled_cube/Drivers/STM32G0xx_HAL_Driver/Src/stm32g0xx_hal_gpio.o
 .debug_aranges
                0x00000000000004a8      0x2a0 src/lib/stm32g071rbt6_oled_cube/Drivers/STM32G0xx_HAL_Driver/Src/stm32g0xx_hal_i2c.o
 .debug_aranges
                0x0000000000000748       0x48 src/lib/stm32g071rbt6_oled_cube/Drivers/STM32G0xx_HAL_Driver/Src/stm32g0xx_hal_i2c_ex.o
 .debug_aranges
                0x0000000000000790       0xf0 src/lib/stm32g071rbt6_oled_cube/Drivers/STM32G0xx_HAL_Driver/Src/stm32g0xx_hal_pwr_ex.o
 .debug_aranges
                0x0000000000000880       0xa0 src/lib/stm32g071rbt6_oled_cube/Drivers/STM32G0xx_HAL_Driver/Src/stm32g0xx_hal_rcc.o
 .debug_aranges
                0x0000000000000920       0x40 src/lib/stm32g071rbt6_oled_cube/Drivers/STM32G0xx_HAL_Driver/Src/stm32g0xx_hal_rcc_ex.o
 .debug_aranges
                0x0000000000000960       0x20 src/main.o

.debug_ranges   0x0000000000000000      0x848
 .debug_ranges  0x0000000000000000       0x18 src/ap/ap.o
 .debug_ranges  0x0000000000000018       0x38 src/bsp/bsp.o
 .debug_ranges  0x0000000000000050       0x10 src/bsp/stm32g0xx_hal_msp.o
 .debug_ranges  0x0000000000000060       0x30 src/bsp/stm32g0xx_it.o
 .debug_ranges  0x0000000000000090       0x18 src/bsp/system_stm32g0xx.o
 .debug_ranges  0x00000000000000a8       0x20 src/bsp/startup/startup_stm32g071rbtx.o
 .debug_ranges  0x00000000000000c8       0x30 src/hw/dirver/gpio.o
 .debug_ranges  0x00000000000000f8       0x20 src/hw/dirver/i2c.o
 .debug_ranges  0x0000000000000118       0x50 src/hw/dirver/ssd1312_command.o
 .debug_ranges  0x0000000000000168       0x30 src/hw/dirver/ssd1312_draw.o
 .debug_ranges  0x0000000000000198       0x10 src/hw/hw.o
 .debug_ranges  0x00000000000001a8      0x110 src/lib/stm32g071rbt6_oled_cube/Drivers/STM32G0xx_HAL_Driver/Src/stm32g0xx_hal.o
 .debug_ranges  0x00000000000002b8       0xc8 src/lib/stm32g071rbt6_oled_cube/Drivers/STM32G0xx_HAL_Driver/Src/stm32g0xx_hal_cortex.o
 .debug_ranges  0x0000000000000380       0x50 src/lib/stm32g071rbt6_oled_cube/Drivers/STM32G0xx_HAL_Driver/Src/stm32g0xx_hal_gpio.o
 .debug_ranges  0x00000000000003d0      0x290 src/lib/stm32g071rbt6_oled_cube/Drivers/STM32G0xx_HAL_Driver/Src/stm32g0xx_hal_i2c.o
 .debug_ranges  0x0000000000000660       0x38 src/lib/stm32g071rbt6_oled_cube/Drivers/STM32G0xx_HAL_Driver/Src/stm32g0xx_hal_i2c_ex.o
 .debug_ranges  0x0000000000000698       0xe0 src/lib/stm32g071rbt6_oled_cube/Drivers/STM32G0xx_HAL_Driver/Src/stm32g0xx_hal_pwr_ex.o
 .debug_ranges  0x0000000000000778       0x90 src/lib/stm32g071rbt6_oled_cube/Drivers/STM32G0xx_HAL_Driver/Src/stm32g0xx_hal_rcc.o
 .debug_ranges  0x0000000000000808       0x30 src/lib/stm32g071rbt6_oled_cube/Drivers/STM32G0xx_HAL_Driver/Src/stm32g0xx_hal_rcc_ex.o
 .debug_ranges  0x0000000000000838       0x10 src/main.o

.debug_macro    0x0000000000000000    0x19b4b
 .debug_macro   0x0000000000000000      0x42b src/ap/ap.o
 .debug_macro   0x000000000000042b      0xa72 src/ap/ap.o
 .debug_macro   0x0000000000000e9d       0x22 src/ap/ap.o
 .debug_macro   0x0000000000000ebf       0x4c src/ap/ap.o
 .debug_macro   0x0000000000000f0b       0x18 src/ap/ap.o
 .debug_macro   0x0000000000000f23       0x94 src/ap/ap.o
 .debug_macro   0x0000000000000fb7       0x3c src/ap/ap.o
 .debug_macro   0x0000000000000ff3       0x34 src/ap/ap.o
 .debug_macro   0x0000000000001027       0x16 src/ap/ap.o
 .debug_macro   0x000000000000103d       0x57 src/ap/ap.o
 .debug_macro   0x0000000000001094       0x97 src/ap/ap.o
 .debug_macro   0x000000000000112b      0x339 src/ap/ap.o
 .debug_macro   0x0000000000001464       0xfd src/ap/ap.o
 .debug_macro   0x0000000000001561       0x10 src/ap/ap.o
 .debug_macro   0x0000000000001571       0x16 src/ap/ap.o
 .debug_macro   0x0000000000001587       0x43 src/ap/ap.o
 .debug_macro   0x00000000000015ca       0x34 src/ap/ap.o
 .debug_macro   0x00000000000015fe       0x10 src/ap/ap.o
 .debug_macro   0x000000000000160e       0x58 src/ap/ap.o
 .debug_macro   0x0000000000001666       0x71 src/ap/ap.o
 .debug_macro   0x00000000000016d7       0x1c src/ap/ap.o
 .debug_macro   0x00000000000016f3      0x12a src/ap/ap.o
 .debug_macro   0x000000000000181d       0x10 src/ap/ap.o
 .debug_macro   0x000000000000182d       0x6a src/ap/ap.o
 .debug_macro   0x0000000000001897       0x1c src/ap/ap.o
 .debug_macro   0x00000000000018b3       0x52 src/ap/ap.o
 .debug_macro   0x0000000000001905       0x22 src/ap/ap.o
 .debug_macro   0x0000000000001927       0x10 src/ap/ap.o
 .debug_macro   0x0000000000001937       0x40 src/ap/ap.o
 .debug_macro   0x0000000000001977       0xd5 src/ap/ap.o
 .debug_macro   0x0000000000001a4c       0x1c src/ap/ap.o
 .debug_macro   0x0000000000001a68       0x3d src/ap/ap.o
 .debug_macro   0x0000000000001aa5       0x16 src/ap/ap.o
 .debug_macro   0x0000000000001abb      0x145 src/ap/ap.o
 .debug_macro   0x0000000000001c00      0x103 src/ap/ap.o
 .debug_macro   0x0000000000001d03      0x1df src/ap/ap.o
 .debug_macro   0x0000000000001ee2       0x22 src/ap/ap.o
 .debug_macro   0x0000000000001f04       0x16 src/ap/ap.o
 .debug_macro   0x0000000000001f1a       0x35 src/ap/ap.o
 .debug_macro   0x0000000000001f4f       0x16 src/ap/ap.o
 .debug_macro   0x0000000000001f65       0x29 src/ap/ap.o
 .debug_macro   0x0000000000001f8e       0x16 src/ap/ap.o
 .debug_macro   0x0000000000001fa4       0x20 src/ap/ap.o
 .debug_macro   0x0000000000001fc4       0x4c src/ap/ap.o
 .debug_macro   0x0000000000002010       0x76 src/ap/ap.o
 .debug_macro   0x0000000000002086      0x117 src/ap/ap.o
 .debug_macro   0x000000000000219d       0x2e src/ap/ap.o
 .debug_macro   0x00000000000021cb       0x28 src/ap/ap.o
 .debug_macro   0x00000000000021f3       0x1c src/ap/ap.o
 .debug_macro   0x000000000000220f       0x22 src/ap/ap.o
 .debug_macro   0x0000000000002231       0xd1 src/ap/ap.o
 .debug_macro   0x0000000000002302      0x4da src/ap/ap.o
 .debug_macro   0x00000000000027dc      0x11f src/ap/ap.o
 .debug_macro   0x00000000000028fb     0xc730 src/ap/ap.o
 .debug_macro   0x000000000000f02b       0x66 src/ap/ap.o
 .debug_macro   0x000000000000f091     0x34fd src/ap/ap.o
 .debug_macro   0x000000000001258e       0x56 src/ap/ap.o
 .debug_macro   0x00000000000125e4      0x56c src/ap/ap.o
 .debug_macro   0x0000000000012b50     0x10d5 src/ap/ap.o
 .debug_macro   0x0000000000013c25      0x264 src/ap/ap.o
 .debug_macro   0x0000000000013e89      0x1cf src/ap/ap.o
 .debug_macro   0x0000000000014058      0x1d8 src/ap/ap.o
 .debug_macro   0x0000000000014230      0x426 src/ap/ap.o
 .debug_macro   0x0000000000014656      0x280 src/ap/ap.o
 .debug_macro   0x00000000000148d6      0x3a7 src/ap/ap.o
 .debug_macro   0x0000000000014c7d      0x1b2 src/ap/ap.o
 .debug_macro   0x0000000000014e2f       0x43 src/ap/ap.o
 .debug_macro   0x0000000000014e72      0x1f1 src/ap/ap.o
 .debug_macro   0x0000000000015063      0x1d6 src/ap/ap.o
 .debug_macro   0x0000000000015239      0x38a src/ap/ap.o
 .debug_macro   0x00000000000155c3       0x28 src/ap/ap.o
 .debug_macro   0x00000000000155eb       0xe4 src/ap/ap.o
 .debug_macro   0x00000000000156cf      0x22c src/ap/ap.o
 .debug_macro   0x00000000000158fb       0x67 src/ap/ap.o
 .debug_macro   0x0000000000015962       0xa5 src/ap/ap.o
 .debug_macro   0x0000000000015a07      0x125 src/ap/ap.o
 .debug_macro   0x0000000000015b2c      0x240 src/ap/ap.o
 .debug_macro   0x0000000000015d6c      0x4f2 src/ap/ap.o
 .debug_macro   0x000000000001625e       0x40 src/ap/ap.o
 .debug_macro   0x000000000001629e       0x10 src/ap/ap.o
 .debug_macro   0x00000000000162ae       0x16 src/ap/ap.o
 .debug_macro   0x00000000000162c4      0x1ac src/ap/ap.o
 .debug_macro   0x0000000000016470      0x3b7 src/bsp/bsp.o
 .debug_macro   0x0000000000016827      0x435 src/bsp/stm32g0xx_hal_msp.o
 .debug_macro   0x0000000000016c5c      0x43f src/bsp/stm32g0xx_it.o
 .debug_macro   0x000000000001709b       0xe1 src/bsp/system_stm32g0xx.o
 .debug_macro   0x000000000001717c       0x8e src/bsp/system_stm32g0xx.o
 .debug_macro   0x000000000001720a       0x51 src/bsp/system_stm32g0xx.o
 .debug_macro   0x000000000001725b       0xd7 src/bsp/system_stm32g0xx.o
 .debug_macro   0x0000000000017332      0x3d6 src/hw/dirver/gpio.o
 .debug_macro   0x0000000000017708      0x3d6 src/hw/dirver/i2c.o
 .debug_macro   0x0000000000017ade      0x3ed src/hw/dirver/ssd1312_command.o
 .debug_macro   0x0000000000017ecb       0x10 src/hw/dirver/ssd1312_command.o
 .debug_macro   0x0000000000017edb      0x3f1 src/hw/dirver/ssd1312_draw.o
 .debug_macro   0x00000000000182cc      0x421 src/hw/hw.o
 .debug_macro   0x00000000000186ed      0x1ef src/lib/stm32g071rbt6_oled_cube/Drivers/STM32G0xx_HAL_Driver/Src/stm32g0xx_hal.o
 .debug_macro   0x00000000000188dc       0x5c src/lib/stm32g071rbt6_oled_cube/Drivers/STM32G0xx_HAL_Driver/Src/stm32g0xx_hal.o
 .debug_macro   0x0000000000018938      0x1cb src/lib/stm32g071rbt6_oled_cube/Drivers/STM32G0xx_HAL_Driver/Src/stm32g0xx_hal_cortex.o
 .debug_macro   0x0000000000018b03      0x1d2 src/lib/stm32g071rbt6_oled_cube/Drivers/STM32G0xx_HAL_Driver/Src/stm32g0xx_hal_gpio.o
 .debug_macro   0x0000000000018cd5      0x297 src/lib/stm32g071rbt6_oled_cube/Drivers/STM32G0xx_HAL_Driver/Src/stm32g0xx_hal_i2c.o
 .debug_macro   0x0000000000018f6c      0x1cb src/lib/stm32g071rbt6_oled_cube/Drivers/STM32G0xx_HAL_Driver/Src/stm32g0xx_hal_i2c_ex.o
 .debug_macro   0x0000000000019137      0x1f5 src/lib/stm32g071rbt6_oled_cube/Drivers/STM32G0xx_HAL_Driver/Src/stm32g0xx_hal_pwr_ex.o
 .debug_macro   0x000000000001932c      0x207 src/lib/stm32g071rbt6_oled_cube/Drivers/STM32G0xx_HAL_Driver/Src/stm32g0xx_hal_rcc.o
 .debug_macro   0x0000000000019533      0x1e3 src/lib/stm32g071rbt6_oled_cube/Drivers/STM32G0xx_HAL_Driver/Src/stm32g0xx_hal_rcc_ex.o
 .debug_macro   0x0000000000019716      0x435 src/main.o

.debug_line     0x0000000000000000    0x11884
 .debug_line    0x0000000000000000      0xc61 src/ap/ap.o
 .debug_line    0x0000000000000c61      0xbee src/bsp/bsp.o
 .debug_line    0x000000000000184f      0xce3 src/bsp/stm32g0xx_hal_msp.o
 .debug_line    0x0000000000002532      0xd47 src/bsp/stm32g0xx_it.o
 .debug_line    0x0000000000003279      0x594 src/bsp/system_stm32g0xx.o
 .debug_line    0x000000000000380d       0x8c src/bsp/startup/startup_stm32g071rbtx.o
 .debug_line    0x0000000000003899      0xc94 src/hw/dirver/gpio.o
 .debug_line    0x000000000000452d      0xc2a src/hw/dirver/i2c.o
 .debug_line    0x0000000000005157      0xd55 src/hw/dirver/ssd1312_command.o
 .debug_line    0x0000000000005eac      0xdca src/hw/dirver/ssd1312_draw.o
 .debug_line    0x0000000000006c76      0xc4b src/hw/hw.o
 .debug_line    0x00000000000078c1      0xc2f src/lib/stm32g071rbt6_oled_cube/Drivers/STM32G0xx_HAL_Driver/Src/stm32g0xx_hal.o
 .debug_line    0x00000000000084f0      0xcb0 src/lib/stm32g071rbt6_oled_cube/Drivers/STM32G0xx_HAL_Driver/Src/stm32g0xx_hal_cortex.o
 .debug_line    0x00000000000091a0      0xc9c src/lib/stm32g071rbt6_oled_cube/Drivers/STM32G0xx_HAL_Driver/Src/stm32g0xx_hal_gpio.o
 .debug_line    0x0000000000009e3c     0x3842 src/lib/stm32g071rbt6_oled_cube/Drivers/STM32G0xx_HAL_Driver/Src/stm32g0xx_hal_i2c.o
 .debug_line    0x000000000000d67e      0xaa4 src/lib/stm32g071rbt6_oled_cube/Drivers/STM32G0xx_HAL_Driver/Src/stm32g0xx_hal_i2c_ex.o
 .debug_line    0x000000000000e122      0xc08 src/lib/stm32g071rbt6_oled_cube/Drivers/STM32G0xx_HAL_Driver/Src/stm32g0xx_hal_pwr_ex.o
 .debug_line    0x000000000000ed2a     0x105a src/lib/stm32g071rbt6_oled_cube/Drivers/STM32G0xx_HAL_Driver/Src/stm32g0xx_hal_rcc.o
 .debug_line    0x000000000000fd84      0xe6b src/lib/stm32g071rbt6_oled_cube/Drivers/STM32G0xx_HAL_Driver/Src/stm32g0xx_hal_rcc_ex.o
 .debug_line    0x0000000000010bef      0xc95 src/main.o

.debug_str      0x0000000000000000    0x946ed
 .debug_str     0x0000000000000000    0x91bde src/ap/ap.o
                                      0x92255 (size before relaxing)
 .debug_str     0x0000000000091bde      0x226 src/bsp/bsp.o
                                      0x9137b (size before relaxing)
 .debug_str     0x0000000000091e04       0x38 src/bsp/stm32g0xx_hal_msp.o
                                      0x92334 (size before relaxing)
 .debug_str     0x0000000000091e3c       0x75 src/bsp/stm32g0xx_it.o
                                      0x922ba (size before relaxing)
 .debug_str     0x0000000000091eb1       0xb0 src/bsp/system_stm32g0xx.o
                                      0x4f4b5 (size before relaxing)
 .debug_str     0x0000000000091f61       0x39 src/bsp/startup/startup_stm32g071rbtx.o
                                         0x7b (size before relaxing)
 .debug_str     0x0000000000091f9a      0x122 src/hw/dirver/gpio.o
                                      0x9136c (size before relaxing)
 .debug_str     0x00000000000920bc      0x179 src/hw/dirver/i2c.o
                                      0x91a28 (size before relaxing)
 .debug_str     0x0000000000092235       0xf1 src/hw/dirver/ssd1312_command.o
                                      0x92281 (size before relaxing)
 .debug_str     0x0000000000092326       0xb2 src/hw/dirver/ssd1312_draw.o
                                      0x9226a (size before relaxing)
 .debug_str     0x00000000000923d8       0x16 src/hw/hw.o
                                      0x92240 (size before relaxing)
 .debug_str     0x00000000000923ee      0x6e2 src/lib/stm32g071rbt6_oled_cube/Drivers/STM32G0xx_HAL_Driver/Src/stm32g0xx_hal.o
                                      0x8d528 (size before relaxing)
 .debug_str     0x0000000000092ad0      0x2c7 src/lib/stm32g071rbt6_oled_cube/Drivers/STM32G0xx_HAL_Driver/Src/stm32g0xx_hal_cortex.o
                                      0x8d27d (size before relaxing)
 .debug_str     0x0000000000092d97      0x1a6 src/lib/stm32g071rbt6_oled_cube/Drivers/STM32G0xx_HAL_Driver/Src/stm32g0xx_hal_gpio.o
                                      0x8cf37 (size before relaxing)
 .debug_str     0x0000000000092f3d      0xde3 src/lib/stm32g071rbt6_oled_cube/Drivers/STM32G0xx_HAL_Driver/Src/stm32g0xx_hal_i2c.o
                                      0x8e147 (size before relaxing)
 .debug_str     0x0000000000093d20       0xd8 src/lib/stm32g071rbt6_oled_cube/Drivers/STM32G0xx_HAL_Driver/Src/stm32g0xx_hal_i2c_ex.o
                                      0x8d420 (size before relaxing)
 .debug_str     0x0000000000093df8      0x3cb src/lib/stm32g071rbt6_oled_cube/Drivers/STM32G0xx_HAL_Driver/Src/stm32g0xx_hal_pwr_ex.o
                                      0x8d26b (size before relaxing)
 .debug_str     0x00000000000941c3      0x38b src/lib/stm32g071rbt6_oled_cube/Drivers/STM32G0xx_HAL_Driver/Src/stm32g0xx_hal_rcc.o
                                      0x8d3b3 (size before relaxing)
 .debug_str     0x000000000009454e      0x18c src/lib/stm32g071rbt6_oled_cube/Drivers/STM32G0xx_HAL_Driver/Src/stm32g0xx_hal_rcc_ex.o
                                      0x8d13e (size before relaxing)
 .debug_str     0x00000000000946da       0x13 src/main.o
                                      0x92258 (size before relaxing)

.comment        0x0000000000000000       0x53
 .comment       0x0000000000000000       0x53 src/ap/ap.o
                                         0x54 (size before relaxing)
 .comment       0x0000000000000053       0x54 src/bsp/bsp.o
 .comment       0x0000000000000053       0x54 src/bsp/stm32g0xx_hal_msp.o
 .comment       0x0000000000000053       0x54 src/bsp/stm32g0xx_it.o
 .comment       0x0000000000000053       0x54 src/bsp/system_stm32g0xx.o
 .comment       0x0000000000000053       0x54 src/hw/dirver/gpio.o
 .comment       0x0000000000000053       0x54 src/hw/dirver/i2c.o
 .comment       0x0000000000000053       0x54 src/hw/dirver/ssd1312_command.o
 .comment       0x0000000000000053       0x54 src/hw/dirver/ssd1312_draw.o
 .comment       0x0000000000000053       0x54 src/hw/hw.o
 .comment       0x0000000000000053       0x54 src/lib/stm32g071rbt6_oled_cube/Drivers/STM32G0xx_HAL_Driver/Src/stm32g0xx_hal.o
 .comment       0x0000000000000053       0x54 src/lib/stm32g071rbt6_oled_cube/Drivers/STM32G0xx_HAL_Driver/Src/stm32g0xx_hal_cortex.o
 .comment       0x0000000000000053       0x54 src/lib/stm32g071rbt6_oled_cube/Drivers/STM32G0xx_HAL_Driver/Src/stm32g0xx_hal_gpio.o
 .comment       0x0000000000000053       0x54 src/lib/stm32g071rbt6_oled_cube/Drivers/STM32G0xx_HAL_Driver/Src/stm32g0xx_hal_i2c.o
 .comment       0x0000000000000053       0x54 src/lib/stm32g071rbt6_oled_cube/Drivers/STM32G0xx_HAL_Driver/Src/stm32g0xx_hal_i2c_ex.o
 .comment       0x0000000000000053       0x54 src/lib/stm32g071rbt6_oled_cube/Drivers/STM32G0xx_HAL_Driver/Src/stm32g0xx_hal_pwr_ex.o
 .comment       0x0000000000000053       0x54 src/lib/stm32g071rbt6_oled_cube/Drivers/STM32G0xx_HAL_Driver/Src/stm32g0xx_hal_rcc.o
 .comment       0x0000000000000053       0x54 src/lib/stm32g071rbt6_oled_cube/Drivers/STM32G0xx_HAL_Driver/Src/stm32g0xx_hal_rcc_ex.o
 .comment       0x0000000000000053       0x54 src/main.o

.debug_frame    0x0000000000000000     0x1f0c
 .debug_frame   0x0000000000000000       0x48 src/ap/ap.o
 .debug_frame   0x0000000000000048       0xc8 src/bsp/bsp.o
 .debug_frame   0x0000000000000110       0x30 src/bsp/stm32g0xx_hal_msp.o
 .debug_frame   0x0000000000000140       0x9c src/bsp/stm32g0xx_it.o
 .debug_frame   0x00000000000001dc       0x4c src/bsp/system_stm32g0xx.o
 .debug_frame   0x0000000000000228       0xb0 src/hw/dirver/gpio.o
 .debug_frame   0x00000000000002d8       0x6c src/hw/dirver/i2c.o
 .debug_frame   0x0000000000000344      0x128 src/hw/dirver/ssd1312_command.o
 .debug_frame   0x000000000000046c       0xb0 src/hw/dirver/ssd1312_draw.o
 .debug_frame   0x000000000000051c       0x2c src/hw/hw.o
 .debug_frame   0x0000000000000548      0x3dc src/lib/stm32g071rbt6_oled_cube/Drivers/STM32G0xx_HAL_Driver/Src/stm32g0xx_hal.o
 .debug_frame   0x0000000000000924      0x2fc src/lib/stm32g071rbt6_oled_cube/Drivers/STM32G0xx_HAL_Driver/Src/stm32g0xx_hal_cortex.o
 .debug_frame   0x0000000000000c20      0x130 src/lib/stm32g071rbt6_oled_cube/Drivers/STM32G0xx_HAL_Driver/Src/stm32g0xx_hal_gpio.o
 .debug_frame   0x0000000000000d50      0xa64 src/lib/stm32g071rbt6_oled_cube/Drivers/STM32G0xx_HAL_Driver/Src/stm32g0xx_hal_i2c.o
 .debug_frame   0x00000000000017b4       0xd0 src/lib/stm32g071rbt6_oled_cube/Drivers/STM32G0xx_HAL_Driver/Src/stm32g0xx_hal_i2c_ex.o
 .debug_frame   0x0000000000001884      0x32c src/lib/stm32g071rbt6_oled_cube/Drivers/STM32G0xx_HAL_Driver/Src/stm32g0xx_hal_pwr_ex.o
 .debug_frame   0x0000000000001bb0      0x214 src/lib/stm32g071rbt6_oled_cube/Drivers/STM32G0xx_HAL_Driver/Src/stm32g0xx_hal_rcc.o
 .debug_frame   0x0000000000001dc4       0xb0 src/lib/stm32g071rbt6_oled_cube/Drivers/STM32G0xx_HAL_Driver/Src/stm32g0xx_hal_rcc_ex.o
 .debug_frame   0x0000000000001e74       0x2c src/main.o
 .debug_frame   0x0000000000001ea0       0x2c d:/stm32cubeide_1.6.0/stm32cubeide/plugins/com.st.stm32cube.ide.mcu.externaltools.gnu-tools-for-stm32.9-2020-q2-update.win32_1.5.0.202011040924/tools/bin/../lib/gcc/arm-none-eabi/9.3.1/../../../../arm-none-eabi/lib/thumb/v6-m/nofp\libc_nano.a(lib_a-init.o)
 .debug_frame   0x0000000000001ecc       0x20 d:/stm32cubeide_1.6.0/stm32cubeide/plugins/com.st.stm32cube.ide.mcu.externaltools.gnu-tools-for-stm32.9-2020-q2-update.win32_1.5.0.202011040924/tools/bin/../lib/gcc/arm-none-eabi/9.3.1/../../../../arm-none-eabi/lib/thumb/v6-m/nofp\libc_nano.a(lib_a-memset.o)
 .debug_frame   0x0000000000001eec       0x20 d:/stm32cubeide_1.6.0/stm32cubeide/plugins/com.st.stm32cube.ide.mcu.externaltools.gnu-tools-for-stm32.9-2020-q2-update.win32_1.5.0.202011040924/tools/bin/../lib/gcc/arm-none-eabi/9.3.1/thumb/v6-m/nofp\libgcc.a(_udivsi3.o)
