18:21:47 **** Incremental Build of configuration Debug for project stm32g071rbt6_oled ****
make -j4 all 
arm-none-eabi-gcc "../src/hw/dirver/ssd1312_command.c" -mcpu=cortex-m0plus -std=gnu11 -g3 -DSTM32G071xx -c -I"C:/Users/user/Desktop/STM32G071RBT6_OLED/stm32g071rbt6_oled/src" -I"C:/Users/user/Desktop/STM32G071RBT6_OLED/stm32g071rbt6_oled/src/ap" -I"C:/Users/user/Desktop/STM32G071RBT6_OLED/stm32g071rbt6_oled/src/bsp" -I"C:/Users/user/Desktop/STM32G071RBT6_OLED/stm32g071rbt6_oled/src/common" -I"C:/Users/user/Desktop/STM32G071RBT6_OLED/stm32g071rbt6_oled/src/common/include" -I"C:/Users/user/Desktop/STM32G071RBT6_OLED/stm32g071rbt6_oled/src/common/configuration" -I"C:/Users/user/Desktop/STM32G071RBT6_OLED/stm32g071rbt6_oled/src/hw" -I"C:/Users/user/Desktop/STM32G071RBT6_OLED/stm32g071rbt6_oled/src/hw/dirver" -I"C:/Users/user/Desktop/STM32G071RBT6_OLED/stm32g071rbt6_oled/src/lib" -I"C:/Users/user/Desktop/STM32G071RBT6_OLED/stm32g071rbt6_oled/src/lib/stm32g071rbt6_oled_cube/Drivers/CMSIS/Device/ST/STM32G0xx/Include" -I"C:/Users/user/Desktop/STM32G071RBT6_OLED/stm32g071rbt6_oled/src/lib/stm32g071rbt6_oled_cube/Drivers/CMSIS/Include" -I"C:/Users/user/Desktop/STM32G071RBT6_OLED/stm32g071rbt6_oled/src/lib/stm32g071rbt6_oled_cube/Drivers/STM32G0xx_HAL_Driver/Inc" -O0 -ffunction-sections -fdata-sections -Wall -fstack-usage -MMD -MP -MF"src/hw/dirver/ssd1312_command.d" -MT"src/hw/dirver/ssd1312_command.o" --specs=nano.specs -mfloat-abi=soft -mthumb -o "src/hw/dirver/ssd1312_command.o"
arm-none-eabi-gcc -o "stm32g071rbt6_oled.elf" @"objects.list"   -mcpu=cortex-m0plus -T"C:\Users\user\Desktop\STM32G071RBT6_OLED\stm32g071rbt6_oled\src\bsp\ldscript\STM32G071RBTX_FLASH.ld" --specs=nosys.specs -Wl,-Map="stm32g071rbt6_oled.map" -Wl,--gc-sections -static --specs=nano.specs -mfloat-abi=soft -mthumb -Wl,--start-group -lc -lm -Wl,--end-group
Finished building target: stm32g071rbt6_oled.elf
 
arm-none-eabi-objdump -h -S  stm32g071rbt6_oled.elf  > "stm32g071rbt6_oled.list"
arm-none-eabi-objcopy  -O ihex  stm32g071rbt6_oled.elf  "stm32g071rbt6_oled.hex"
arm-none-eabi-objcopy  -O binary  stm32g071rbt6_oled.elf  "stm32g071rbt6_oled.bin"
arm-none-eabi-size   stm32g071rbt6_oled.elf 
   text	   data	    bss	    dec	    hex	filename
  10812	     32	   2680	  13524	   34d4	stm32g071rbt6_oled.elf
Finished building: stm32g071rbt6_oled.hex
Finished building: stm32g071rbt6_oled.bin
Finished building: default.size.stdout
 
 
 
Finished building: stm32g071rbt6_oled.list
 
