23:14:19 **** Incremental Build of configuration Debug for project stm32g071rbt6_oled ****
make -j4 all 
arm-none-eabi-gcc "../src/hw/dirver/gpio.c" -mcpu=cortex-m0plus -std=gnu11 -g3 -DSTM32G071xx -c -I"C:/Users/user/Desktop/STM32G071RBT6_OLED/stm32g071rbt6_oled/src" -I"C:/Users/user/Desktop/STM32G071RBT6_OLED/stm32g071rbt6_oled/src/ap" -I"C:/Users/user/Desktop/STM32G071RBT6_OLED/stm32g071rbt6_oled/src/bsp" -I"C:/Users/user/Desktop/STM32G071RBT6_OLED/stm32g071rbt6_oled/src/common" -I"C:/Users/user/Desktop/STM32G071RBT6_OLED/stm32g071rbt6_oled/src/common/include" -I"C:/Users/user/Desktop/STM32G071RBT6_OLED/stm32g071rbt6_oled/src/hw" -I"C:/Users/user/Desktop/STM32G071RBT6_OLED/stm32g071rbt6_oled/src/hw/dirver" -I"C:/Users/user/Desktop/STM32G071RBT6_OLED/stm32g071rbt6_oled/src/lib" -I"C:/Users/user/Desktop/STM32G071RBT6_OLED/stm32g071rbt6_oled/src/lib/stm32g071rbt6_oled_cube/Drivers/CMSIS/Device/ST/STM32G0xx/Include" -I"C:/Users/user/Desktop/STM32G071RBT6_OLED/stm32g071rbt6_oled/src/lib/stm32g071rbt6_oled_cube/Drivers/CMSIS/Include" -I"C:/Users/user/Desktop/STM32G071RBT6_OLED/stm32g071rbt6_oled/src/lib/stm32g071rbt6_oled_cube/Drivers/STM32G0xx_HAL_Driver/Inc" -O0 -ffunction-sections -fdata-sections -Wall -fstack-usage -MMD -MP -MF"src/hw/dirver/gpio.d" -MT"src/hw/dirver/gpio.o" --specs=nano.specs -mfloat-abi=soft -mthumb -o "src/hw/dirver/gpio.o"
arm-none-eabi-gcc "../src/hw/dirver/i2c.c" -mcpu=cortex-m0plus -std=gnu11 -g3 -DSTM32G071xx -c -I"C:/Users/user/Desktop/STM32G071RBT6_OLED/stm32g071rbt6_oled/src" -I"C:/Users/user/Desktop/STM32G071RBT6_OLED/stm32g071rbt6_oled/src/ap" -I"C:/Users/user/Desktop/STM32G071RBT6_OLED/stm32g071rbt6_oled/src/bsp" -I"C:/Users/user/Desktop/STM32G071RBT6_OLED/stm32g071rbt6_oled/src/common" -I"C:/Users/user/Desktop/STM32G071RBT6_OLED/stm32g071rbt6_oled/src/common/include" -I"C:/Users/user/Desktop/STM32G071RBT6_OLED/stm32g071rbt6_oled/src/hw" -I"C:/Users/user/Desktop/STM32G071RBT6_OLED/stm32g071rbt6_oled/src/hw/dirver" -I"C:/Users/user/Desktop/STM32G071RBT6_OLED/stm32g071rbt6_oled/src/lib" -I"C:/Users/user/Desktop/STM32G071RBT6_OLED/stm32g071rbt6_oled/src/lib/stm32g071rbt6_oled_cube/Drivers/CMSIS/Device/ST/STM32G0xx/Include" -I"C:/Users/user/Desktop/STM32G071RBT6_OLED/stm32g071rbt6_oled/src/lib/stm32g071rbt6_oled_cube/Drivers/CMSIS/Include" -I"C:/Users/user/Desktop/STM32G071RBT6_OLED/stm32g071rbt6_oled/src/lib/stm32g071rbt6_oled_cube/Drivers/STM32G0xx_HAL_Driver/Inc" -O0 -ffunction-sections -fdata-sections -Wall -fstack-usage -MMD -MP -MF"src/hw/dirver/i2c.d" -MT"src/hw/dirver/i2c.o" --specs=nano.specs -mfloat-abi=soft -mthumb -o "src/hw/dirver/i2c.o"
arm-none-eabi-gcc "../src/hw/dirver/ssd1312.c" -mcpu=cortex-m0plus -std=gnu11 -g3 -DSTM32G071xx -c -I"C:/Users/user/Desktop/STM32G071RBT6_OLED/stm32g071rbt6_oled/src" -I"C:/Users/user/Desktop/STM32G071RBT6_OLED/stm32g071rbt6_oled/src/ap" -I"C:/Users/user/Desktop/STM32G071RBT6_OLED/stm32g071rbt6_oled/src/bsp" -I"C:/Users/user/Desktop/STM32G071RBT6_OLED/stm32g071rbt6_oled/src/common" -I"C:/Users/user/Desktop/STM32G071RBT6_OLED/stm32g071rbt6_oled/src/common/include" -I"C:/Users/user/Desktop/STM32G071RBT6_OLED/stm32g071rbt6_oled/src/hw" -I"C:/Users/user/Desktop/STM32G071RBT6_OLED/stm32g071rbt6_oled/src/hw/dirver" -I"C:/Users/user/Desktop/STM32G071RBT6_OLED/stm32g071rbt6_oled/src/lib" -I"C:/Users/user/Desktop/STM32G071RBT6_OLED/stm32g071rbt6_oled/src/lib/stm32g071rbt6_oled_cube/Drivers/CMSIS/Device/ST/STM32G0xx/Include" -I"C:/Users/user/Desktop/STM32G071RBT6_OLED/stm32g071rbt6_oled/src/lib/stm32g071rbt6_oled_cube/Drivers/CMSIS/Include" -I"C:/Users/user/Desktop/STM32G071RBT6_OLED/stm32g071rbt6_oled/src/lib/stm32g071rbt6_oled_cube/Drivers/STM32G0xx_HAL_Driver/Inc" -O0 -ffunction-sections -fdata-sections -Wall -fstack-usage -MMD -MP -MF"src/hw/dirver/ssd1312.d" -MT"src/hw/dirver/ssd1312.o" --specs=nano.specs -mfloat-abi=soft -mthumb -o "src/hw/dirver/ssd1312.o"
arm-none-eabi-gcc "../src/hw/hw.c" -mcpu=cortex-m0plus -std=gnu11 -g3 -DSTM32G071xx -c -I"C:/Users/user/Desktop/STM32G071RBT6_OLED/stm32g071rbt6_oled/src" -I"C:/Users/user/Desktop/STM32G071RBT6_OLED/stm32g071rbt6_oled/src/ap" -I"C:/Users/user/Desktop/STM32G071RBT6_OLED/stm32g071rbt6_oled/src/bsp" -I"C:/Users/user/Desktop/STM32G071RBT6_OLED/stm32g071rbt6_oled/src/common" -I"C:/Users/user/Desktop/STM32G071RBT6_OLED/stm32g071rbt6_oled/src/common/include" -I"C:/Users/user/Desktop/STM32G071RBT6_OLED/stm32g071rbt6_oled/src/hw" -I"C:/Users/user/Desktop/STM32G071RBT6_OLED/stm32g071rbt6_oled/src/hw/dirver" -I"C:/Users/user/Desktop/STM32G071RBT6_OLED/stm32g071rbt6_oled/src/lib" -I"C:/Users/user/Desktop/STM32G071RBT6_OLED/stm32g071rbt6_oled/src/lib/stm32g071rbt6_oled_cube/Drivers/CMSIS/Device/ST/STM32G0xx/Include" -I"C:/Users/user/Desktop/STM32G071RBT6_OLED/stm32g071rbt6_oled/src/lib/stm32g071rbt6_oled_cube/Drivers/CMSIS/Include" -I"C:/Users/user/Desktop/STM32G071RBT6_OLED/stm32g071rbt6_oled/src/lib/stm32g071rbt6_oled_cube/Drivers/STM32G0xx_HAL_Driver/Inc" -O0 -ffunction-sections -fdata-sections -Wall -fstack-usage -MMD -MP -MF"src/hw/hw.d" -MT"src/hw/hw.o" --specs=nano.specs -mfloat-abi=soft -mthumb -o "src/hw/hw.o"
arm-none-eabi-gcc "../src/bsp/bsp.c" -mcpu=cortex-m0plus -std=gnu11 -g3 -DSTM32G071xx -c -I"C:/Users/user/Desktop/STM32G071RBT6_OLED/stm32g071rbt6_oled/src" -I"C:/Users/user/Desktop/STM32G071RBT6_OLED/stm32g071rbt6_oled/src/ap" -I"C:/Users/user/Desktop/STM32G071RBT6_OLED/stm32g071rbt6_oled/src/bsp" -I"C:/Users/user/Desktop/STM32G071RBT6_OLED/stm32g071rbt6_oled/src/common" -I"C:/Users/user/Desktop/STM32G071RBT6_OLED/stm32g071rbt6_oled/src/common/include" -I"C:/Users/user/Desktop/STM32G071RBT6_OLED/stm32g071rbt6_oled/src/hw" -I"C:/Users/user/Desktop/STM32G071RBT6_OLED/stm32g071rbt6_oled/src/hw/dirver" -I"C:/Users/user/Desktop/STM32G071RBT6_OLED/stm32g071rbt6_oled/src/lib" -I"C:/Users/user/Desktop/STM32G071RBT6_OLED/stm32g071rbt6_oled/src/lib/stm32g071rbt6_oled_cube/Drivers/CMSIS/Device/ST/STM32G0xx/Include" -I"C:/Users/user/Desktop/STM32G071RBT6_OLED/stm32g071rbt6_oled/src/lib/stm32g071rbt6_oled_cube/Drivers/CMSIS/Include" -I"C:/Users/user/Desktop/STM32G071RBT6_OLED/stm32g071rbt6_oled/src/lib/stm32g071rbt6_oled_cube/Drivers/STM32G0xx_HAL_Driver/Inc" -O0 -ffunction-sections -fdata-sections -Wall -fstack-usage -MMD -MP -MF"src/bsp/bsp.d" -MT"src/bsp/bsp.o" --specs=nano.specs -mfloat-abi=soft -mthumb -o "src/bsp/bsp.o"
arm-none-eabi-gcc "../src/bsp/stm32g0xx_hal_msp.c" -mcpu=cortex-m0plus -std=gnu11 -g3 -DSTM32G071xx -c -I"C:/Users/user/Desktop/STM32G071RBT6_OLED/stm32g071rbt6_oled/src" -I"C:/Users/user/Desktop/STM32G071RBT6_OLED/stm32g071rbt6_oled/src/ap" -I"C:/Users/user/Desktop/STM32G071RBT6_OLED/stm32g071rbt6_oled/src/bsp" -I"C:/Users/user/Desktop/STM32G071RBT6_OLED/stm32g071rbt6_oled/src/common" -I"C:/Users/user/Desktop/STM32G071RBT6_OLED/stm32g071rbt6_oled/src/common/include" -I"C:/Users/user/Desktop/STM32G071RBT6_OLED/stm32g071rbt6_oled/src/hw" -I"C:/Users/user/Desktop/STM32G071RBT6_OLED/stm32g071rbt6_oled/src/hw/dirver" -I"C:/Users/user/Desktop/STM32G071RBT6_OLED/stm32g071rbt6_oled/src/lib" -I"C:/Users/user/Desktop/STM32G071RBT6_OLED/stm32g071rbt6_oled/src/lib/stm32g071rbt6_oled_cube/Drivers/CMSIS/Device/ST/STM32G0xx/Include" -I"C:/Users/user/Desktop/STM32G071RBT6_OLED/stm32g071rbt6_oled/src/lib/stm32g071rbt6_oled_cube/Drivers/CMSIS/Include" -I"C:/Users/user/Desktop/STM32G071RBT6_OLED/stm32g071rbt6_oled/src/lib/stm32g071rbt6_oled_cube/Drivers/STM32G0xx_HAL_Driver/Inc" -O0 -ffunction-sections -fdata-sections -Wall -fstack-usage -MMD -MP -MF"src/bsp/stm32g0xx_hal_msp.d" -MT"src/bsp/stm32g0xx_hal_msp.o" --specs=nano.specs -mfloat-abi=soft -mthumb -o "src/bsp/stm32g0xx_hal_msp.o"
arm-none-eabi-gcc "../src/bsp/stm32g0xx_it.c" -mcpu=cortex-m0plus -std=gnu11 -g3 -DSTM32G071xx -c -I"C:/Users/user/Desktop/STM32G071RBT6_OLED/stm32g071rbt6_oled/src" -I"C:/Users/user/Desktop/STM32G071RBT6_OLED/stm32g071rbt6_oled/src/ap" -I"C:/Users/user/Desktop/STM32G071RBT6_OLED/stm32g071rbt6_oled/src/bsp" -I"C:/Users/user/Desktop/STM32G071RBT6_OLED/stm32g071rbt6_oled/src/common" -I"C:/Users/user/Desktop/STM32G071RBT6_OLED/stm32g071rbt6_oled/src/common/include" -I"C:/Users/user/Desktop/STM32G071RBT6_OLED/stm32g071rbt6_oled/src/hw" -I"C:/Users/user/Desktop/STM32G071RBT6_OLED/stm32g071rbt6_oled/src/hw/dirver" -I"C:/Users/user/Desktop/STM32G071RBT6_OLED/stm32g071rbt6_oled/src/lib" -I"C:/Users/user/Desktop/STM32G071RBT6_OLED/stm32g071rbt6_oled/src/lib/stm32g071rbt6_oled_cube/Drivers/CMSIS/Device/ST/STM32G0xx/Include" -I"C:/Users/user/Desktop/STM32G071RBT6_OLED/stm32g071rbt6_oled/src/lib/stm32g071rbt6_oled_cube/Drivers/CMSIS/Include" -I"C:/Users/user/Desktop/STM32G071RBT6_OLED/stm32g071rbt6_oled/src/lib/stm32g071rbt6_oled_cube/Drivers/STM32G0xx_HAL_Driver/Inc" -O0 -ffunction-sections -fdata-sections -Wall -fstack-usage -MMD -MP -MF"src/bsp/stm32g0xx_it.d" -MT"src/bsp/stm32g0xx_it.o" --specs=nano.specs -mfloat-abi=soft -mthumb -o "src/bsp/stm32g0xx_it.o"
arm-none-eabi-gcc "../src/ap/ap.c" -mcpu=cortex-m0plus -std=gnu11 -g3 -DSTM32G071xx -c -I"C:/Users/user/Desktop/STM32G071RBT6_OLED/stm32g071rbt6_oled/src" -I"C:/Users/user/Desktop/STM32G071RBT6_OLED/stm32g071rbt6_oled/src/ap" -I"C:/Users/user/Desktop/STM32G071RBT6_OLED/stm32g071rbt6_oled/src/bsp" -I"C:/Users/user/Desktop/STM32G071RBT6_OLED/stm32g071rbt6_oled/src/common" -I"C:/Users/user/Desktop/STM32G071RBT6_OLED/stm32g071rbt6_oled/src/common/include" -I"C:/Users/user/Desktop/STM32G071RBT6_OLED/stm32g071rbt6_oled/src/hw" -I"C:/Users/user/Desktop/STM32G071RBT6_OLED/stm32g071rbt6_oled/src/hw/dirver" -I"C:/Users/user/Desktop/STM32G071RBT6_OLED/stm32g071rbt6_oled/src/lib" -I"C:/Users/user/Desktop/STM32G071RBT6_OLED/stm32g071rbt6_oled/src/lib/stm32g071rbt6_oled_cube/Drivers/CMSIS/Device/ST/STM32G0xx/Include" -I"C:/Users/user/Desktop/STM32G071RBT6_OLED/stm32g071rbt6_oled/src/lib/stm32g071rbt6_oled_cube/Drivers/CMSIS/Include" -I"C:/Users/user/Desktop/STM32G071RBT6_OLED/stm32g071rbt6_oled/src/lib/stm32g071rbt6_oled_cube/Drivers/STM32G0xx_HAL_Driver/Inc" -O0 -ffunction-sections -fdata-sections -Wall -fstack-usage -MMD -MP -MF"src/ap/ap.d" -MT"src/ap/ap.o" --specs=nano.specs -mfloat-abi=soft -mthumb -o "src/ap/ap.o"
arm-none-eabi-gcc "../src/main.c" -mcpu=cortex-m0plus -std=gnu11 -g3 -DSTM32G071xx -c -I"C:/Users/user/Desktop/STM32G071RBT6_OLED/stm32g071rbt6_oled/src" -I"C:/Users/user/Desktop/STM32G071RBT6_OLED/stm32g071rbt6_oled/src/ap" -I"C:/Users/user/Desktop/STM32G071RBT6_OLED/stm32g071rbt6_oled/src/bsp" -I"C:/Users/user/Desktop/STM32G071RBT6_OLED/stm32g071rbt6_oled/src/common" -I"C:/Users/user/Desktop/STM32G071RBT6_OLED/stm32g071rbt6_oled/src/common/include" -I"C:/Users/user/Desktop/STM32G071RBT6_OLED/stm32g071rbt6_oled/src/hw" -I"C:/Users/user/Desktop/STM32G071RBT6_OLED/stm32g071rbt6_oled/src/hw/dirver" -I"C:/Users/user/Desktop/STM32G071RBT6_OLED/stm32g071rbt6_oled/src/lib" -I"C:/Users/user/Desktop/STM32G071RBT6_OLED/stm32g071rbt6_oled/src/lib/stm32g071rbt6_oled_cube/Drivers/CMSIS/Device/ST/STM32G0xx/Include" -I"C:/Users/user/Desktop/STM32G071RBT6_OLED/stm32g071rbt6_oled/src/lib/stm32g071rbt6_oled_cube/Drivers/CMSIS/Include" -I"C:/Users/user/Desktop/STM32G071RBT6_OLED/stm32g071rbt6_oled/src/lib/stm32g071rbt6_oled_cube/Drivers/STM32G0xx_HAL_Driver/Inc" -O0 -ffunction-sections -fdata-sections -Wall -fstack-usage -MMD -MP -MF"src/main.d" -MT"src/main.o" --specs=nano.specs -mfloat-abi=soft -mthumb -o "src/main.o"
arm-none-eabi-gcc -o "stm32g071rbt6_oled.elf" @"objects.list"   -mcpu=cortex-m0plus -T"C:\Users\user\Desktop\STM32G071RBT6_OLED\stm32g071rbt6_oled\src\bsp\ldscript\STM32G071RBTX_FLASH.ld" --specs=nosys.specs -Wl,-Map="stm32g071rbt6_oled.map" -Wl,--gc-sections -static --specs=nano.specs -mfloat-abi=soft -mthumb -Wl,--start-group -lc -lm -Wl,--end-group
Finished building target: stm32g071rbt6_oled.elf
 
arm-none-eabi-objdump -h -S  stm32g071rbt6_oled.elf  > "stm32g071rbt6_oled.list"
arm-none-eabi-objcopy  -O ihex  stm32g071rbt6_oled.elf  "stm32g071rbt6_oled.hex"
arm-none-eabi-objcopy  -O binary  stm32g071rbt6_oled.elf  "stm32g071rbt6_oled.bin"
arm-none-eabi-size   stm32g071rbt6_oled.elf 
   text	   data	    bss	    dec	    hex	filename
  13208	     32	   1656	  14896	   3a30	stm32g071rbt6_oled.elf
Finished building: default.size.stdout
 
Finished building: stm32g071rbt6_oled.hex
Finished building: stm32g071rbt6_oled.bin
Finished building: stm32g071rbt6_oled.list
 
 
 
